Archive member included to satisfy reference by file (symbol)

c:/st/stm32cubeide_1.8.0/stm32cubeide/plugins/com.st.stm32cube.ide.mcu.externaltools.gnu-tools-for-stm32.9-2020-q2-update.win32_2.0.0.202105311346/tools/bin/../lib/gcc/arm-none-eabi/9.3.1/../../../../arm-none-eabi/lib/thumb/v7e-m+fp/hard\libc_nano.a(lib_a-errno.o)
                              ./Core/Src/syscalls.o (__errno)
c:/st/stm32cubeide_1.8.0/stm32cubeide/plugins/com.st.stm32cube.ide.mcu.externaltools.gnu-tools-for-stm32.9-2020-q2-update.win32_2.0.0.202105311346/tools/bin/../lib/gcc/arm-none-eabi/9.3.1/../../../../arm-none-eabi/lib/thumb/v7e-m+fp/hard\libc_nano.a(lib_a-exit.o)
                              c:/st/stm32cubeide_1.8.0/stm32cubeide/plugins/com.st.stm32cube.ide.mcu.externaltools.gnu-tools-for-stm32.9-2020-q2-update.win32_2.0.0.202105311346/tools/bin/../lib/gcc/arm-none-eabi/9.3.1/../../../../arm-none-eabi/lib/thumb/v7e-m+fp/hard/crt0.o (exit)
c:/st/stm32cubeide_1.8.0/stm32cubeide/plugins/com.st.stm32cube.ide.mcu.externaltools.gnu-tools-for-stm32.9-2020-q2-update.win32_2.0.0.202105311346/tools/bin/../lib/gcc/arm-none-eabi/9.3.1/../../../../arm-none-eabi/lib/thumb/v7e-m+fp/hard\libc_nano.a(lib_a-impure.o)
                              c:/st/stm32cubeide_1.8.0/stm32cubeide/plugins/com.st.stm32cube.ide.mcu.externaltools.gnu-tools-for-stm32.9-2020-q2-update.win32_2.0.0.202105311346/tools/bin/../lib/gcc/arm-none-eabi/9.3.1/../../../../arm-none-eabi/lib/thumb/v7e-m+fp/hard\libc_nano.a(lib_a-exit.o) (_global_impure_ptr)
c:/st/stm32cubeide_1.8.0/stm32cubeide/plugins/com.st.stm32cube.ide.mcu.externaltools.gnu-tools-for-stm32.9-2020-q2-update.win32_2.0.0.202105311346/tools/bin/../lib/gcc/arm-none-eabi/9.3.1/../../../../arm-none-eabi/lib/thumb/v7e-m+fp/hard\libc_nano.a(lib_a-init.o)
                              c:/st/stm32cubeide_1.8.0/stm32cubeide/plugins/com.st.stm32cube.ide.mcu.externaltools.gnu-tools-for-stm32.9-2020-q2-update.win32_2.0.0.202105311346/tools/bin/../lib/gcc/arm-none-eabi/9.3.1/../../../../arm-none-eabi/lib/thumb/v7e-m+fp/hard/crt0.o (__libc_init_array)
c:/st/stm32cubeide_1.8.0/stm32cubeide/plugins/com.st.stm32cube.ide.mcu.externaltools.gnu-tools-for-stm32.9-2020-q2-update.win32_2.0.0.202105311346/tools/bin/../lib/gcc/arm-none-eabi/9.3.1/../../../../arm-none-eabi/lib/thumb/v7e-m+fp/hard\libc_nano.a(lib_a-memcpy-stub.o)
                              ./FreeRTOS-Kernel/queue.o (memcpy)
c:/st/stm32cubeide_1.8.0/stm32cubeide/plugins/com.st.stm32cube.ide.mcu.externaltools.gnu-tools-for-stm32.9-2020-q2-update.win32_2.0.0.202105311346/tools/bin/../lib/gcc/arm-none-eabi/9.3.1/../../../../arm-none-eabi/lib/thumb/v7e-m+fp/hard\libc_nano.a(lib_a-memset.o)
                              c:/st/stm32cubeide_1.8.0/stm32cubeide/plugins/com.st.stm32cube.ide.mcu.externaltools.gnu-tools-for-stm32.9-2020-q2-update.win32_2.0.0.202105311346/tools/bin/../lib/gcc/arm-none-eabi/9.3.1/../../../../arm-none-eabi/lib/thumb/v7e-m+fp/hard/crt0.o (memset)
c:/st/stm32cubeide_1.8.0/stm32cubeide/plugins/com.st.stm32cube.ide.mcu.externaltools.gnu-tools-for-stm32.9-2020-q2-update.win32_2.0.0.202105311346/tools/bin/../lib/gcc/arm-none-eabi/9.3.1/../../../../arm-none-eabi/lib/thumb/v7e-m+fp/hard\libc_nano.a(lib_a-strlen.o)
                              ./main_app/source/main_app.o (strlen)
c:/st/stm32cubeide_1.8.0/stm32cubeide/plugins/com.st.stm32cube.ide.mcu.externaltools.gnu-tools-for-stm32.9-2020-q2-update.win32_2.0.0.202105311346/tools/bin/../lib/gcc/arm-none-eabi/9.3.1/../../../../arm-none-eabi/lib/thumb/v7e-m+fp/hard\libc_nano.a(lib_a-vsprintf.o)
                              ./main_app/source/main_app.o (vsprintf)
c:/st/stm32cubeide_1.8.0/stm32cubeide/plugins/com.st.stm32cube.ide.mcu.externaltools.gnu-tools-for-stm32.9-2020-q2-update.win32_2.0.0.202105311346/tools/bin/../lib/gcc/arm-none-eabi/9.3.1/../../../../arm-none-eabi/lib/thumb/v7e-m+fp/hard\libc_nano.a(lib_a-nano-svfprintf.o)
                              c:/st/stm32cubeide_1.8.0/stm32cubeide/plugins/com.st.stm32cube.ide.mcu.externaltools.gnu-tools-for-stm32.9-2020-q2-update.win32_2.0.0.202105311346/tools/bin/../lib/gcc/arm-none-eabi/9.3.1/../../../../arm-none-eabi/lib/thumb/v7e-m+fp/hard\libc_nano.a(lib_a-vsprintf.o) (_svfprintf_r)
c:/st/stm32cubeide_1.8.0/stm32cubeide/plugins/com.st.stm32cube.ide.mcu.externaltools.gnu-tools-for-stm32.9-2020-q2-update.win32_2.0.0.202105311346/tools/bin/../lib/gcc/arm-none-eabi/9.3.1/../../../../arm-none-eabi/lib/thumb/v7e-m+fp/hard\libc_nano.a(lib_a-nano-vfprintf_i.o)
                              c:/st/stm32cubeide_1.8.0/stm32cubeide/plugins/com.st.stm32cube.ide.mcu.externaltools.gnu-tools-for-stm32.9-2020-q2-update.win32_2.0.0.202105311346/tools/bin/../lib/gcc/arm-none-eabi/9.3.1/../../../../arm-none-eabi/lib/thumb/v7e-m+fp/hard\libc_nano.a(lib_a-nano-svfprintf.o) (_printf_i)
[...]
Memory Configuration

Name             Origin             Length             Attributes
RAM              0x0000000020000000 0x0000000000020000 xrw
FLASH            0x0000000008000000 0x0000000000080000 xr
*default*        0x0000000000000000 0xffffffffffffffff

Linker script and memory map

LOAD c:/st/stm32cubeide_1.8.0/stm32cubeide/plugins/com.st.stm32cube.ide.mcu.externaltools.gnu-tools-for-stm32.9-2020-q2-update.win32_2.0.0.202105311346/tools/bin/../lib/gcc/arm-none-eabi/9.3.1/thumb/v7e-m+fp/hard/crti.o
LOAD c:/st/stm32cubeide_1.8.0/stm32cubeide/plugins/com.st.stm32cube.ide.mcu.externaltools.gnu-tools-for-stm32.9-2020-q2-update.win32_2.0.0.202105311346/tools/bin/../lib/gcc/arm-none-eabi/9.3.1/thumb/v7e-m+fp/hard/crtbegin.o
LOAD c:/st/stm32cubeide_1.8.0/stm32cubeide/plugins/com.st.stm32cube.ide.mcu.externaltools.gnu-tools-for-stm32.9-2020-q2-update.win32_2.0.0.202105311346/tools/bin/../lib/gcc/arm-none-eabi/9.3.1/../../../../arm-none-eabi/lib/thumb/v7e-m+fp/hard/crt0.o
LOAD ./Core/Src/main.o
LOAD ./Core/Src/stm32f4xx_hal_msp.o
LOAD ./Core/Src/stm32f4xx_hal_timebase_tim.o
LOAD ./Core/Src/stm32f4xx_it.o
LOAD ./Core/Src/syscalls.o
LOAD ./Core/Src/sysmem.o
LOAD ./Core/Src/system_stm32f4xx.o
LOAD ./Core/Startup/startup_stm32f446retx.o
LOAD ./Drivers/STM32F4xx_HAL_Driver/Src/stm32f4xx_hal.o
LOAD ./Drivers/STM32F4xx_HAL_Driver/Src/stm32f4xx_hal_cortex.o
LOAD ./Drivers/STM32F4xx_HAL_Driver/Src/stm32f4xx_hal_dma.o
LOAD ./Drivers/STM32F4xx_HAL_Driver/Src/stm32f4xx_hal_dma_ex.o
LOAD ./Drivers/STM32F4xx_HAL_Driver/Src/stm32f4xx_hal_exti.o
LOAD ./Drivers/STM32F4xx_HAL_Driver/Src/stm32f4xx_hal_flash.o
LOAD ./Drivers/STM32F4xx_HAL_Driver/Src/stm32f4xx_hal_flash_ex.o
LOAD ./Drivers/STM32F4xx_HAL_Driver/Src/stm32f4xx_hal_flash_ramfunc.o
LOAD ./Drivers/STM32F4xx_HAL_Driver/Src/stm32f4xx_hal_gpio.o
LOAD ./Drivers/STM32F4xx_HAL_Driver/Src/stm32f4xx_hal_pwr.o
LOAD ./Drivers/STM32F4xx_HAL_Driver/Src/stm32f4xx_hal_pwr_ex.o
LOAD ./Drivers/STM32F4xx_HAL_Driver/Src/stm32f4xx_hal_rcc.o
LOAD ./Drivers/STM32F4xx_HAL_Driver/Src/stm32f4xx_hal_rcc_ex.o
LOAD ./Drivers/STM32F4xx_HAL_Driver/Src/stm32f4xx_hal_tim.o
LOAD ./Drivers/STM32F4xx_HAL_Driver/Src/stm32f4xx_hal_tim_ex.o
LOAD ./Drivers/STM32F4xx_HAL_Driver/Src/stm32f4xx_hal_uart.o
LOAD ./FreeRTOS-Kernel/croutine.o
LOAD ./FreeRTOS-Kernel/event_groups.o
LOAD ./FreeRTOS-Kernel/list.o
LOAD ./FreeRTOS-Kernel/queue.o
LOAD ./FreeRTOS-Kernel/stream_buffer.o
LOAD ./FreeRTOS-Kernel/tasks.o
LOAD ./FreeRTOS-Kernel/timers.o
LOAD ./FreeRTOS-Kernel/portable/GCC/ARM_CM4F/port.o
LOAD ./FreeRTOS-Kernel/portable/MemMang/heap_4.o
LOAD ./main_app/source/main_app.o
START GROUP
LOAD c:/st/stm32cubeide_1.8.0/stm32cubeide/plugins/com.st.stm32cube.ide.mcu.externaltools.gnu-tools-for-stm32.9-2020-q2-update.win32_2.0.0.202105311346/tools/bin/../lib/gcc/arm-none-eabi/9.3.1/../../../../arm-none-eabi/lib/thumb/v7e-m+fp/hard\libc_nano.a
LOAD c:/st/stm32cubeide_1.8.0/stm32cubeide/plugins/com.st.stm32cube.ide.mcu.externaltools.gnu-tools-for-stm32.9-2020-q2-update.win32_2.0.0.202105311346/tools/bin/../lib/gcc/arm-none-eabi/9.3.1/../../../../arm-none-eabi/lib/thumb/v7e-m+fp/hard\libm.a
END GROUP
START GROUP
LOAD c:/st/stm32cubeide_1.8.0/stm32cubeide/plugins/com.st.stm32cube.ide.mcu.externaltools.gnu-tools-for-stm32.9-2020-q2-update.win32_2.0.0.202105311346/tools/bin/../lib/gcc/arm-none-eabi/9.3.1/thumb/v7e-m+fp/hard\libgcc.a
LOAD c:/st/stm32cubeide_1.8.0/stm32cubeide/plugins/com.st.stm32cube.ide.mcu.externaltools.gnu-tools-for-stm32.9-2020-q2-update.win32_2.0.0.202105311346/tools/bin/../lib/gcc/arm-none-eabi/9.3.1/../../../../arm-none-eabi/lib/thumb/v7e-m+fp/hard\libc_nano.a
END GROUP
START GROUP
LOAD c:/st/stm32cubeide_1.8.0/stm32cubeide/plugins/com.st.stm32cube.ide.mcu.externaltools.gnu-tools-for-stm32.9-2020-q2-update.win32_2.0.0.202105311346/tools/bin/../lib/gcc/arm-none-eabi/9.3.1/thumb/v7e-m+fp/hard\libgcc.a
LOAD c:/st/stm32cubeide_1.8.0/stm32cubeide/plugins/com.st.stm32cube.ide.mcu.externaltools.gnu-tools-for-stm32.9-2020-q2-update.win32_2.0.0.202105311346/tools/bin/../lib/gcc/arm-none-eabi/9.3.1/../../../../arm-none-eabi/lib/thumb/v7e-m+fp/hard\libc_nano.a
LOAD c:/st/stm32cubeide_1.8.0/stm32cubeide/plugins/com.st.stm32cube.ide.mcu.externaltools.gnu-tools-for-stm32.9-2020-q2-update.win32_2.0.0.202105311346/tools/bin/../lib/gcc/arm-none-eabi/9.3.1/../../../../arm-none-eabi/lib/thumb/v7e-m+fp/hard\libnosys.a
END GROUP
START GROUP
LOAD c:/st/stm32cubeide_1.8.0/stm32cubeide/plugins/com.st.stm32cube.ide.mcu.externaltools.gnu-tools-for-stm32.9-2020-q2-update.win32_2.0.0.202105311346/tools/bin/../lib/gcc/arm-none-eabi/9.3.1/thumb/v7e-m+fp/hard\libgcc.a
LOAD c:/st/stm32cubeide_1.8.0/stm32cubeide/plugins/com.st.stm32cube.ide.mcu.externaltools.gnu-tools-for-stm32.9-2020-q2-update.win32_2.0.0.202105311346/tools/bin/../lib/gcc/arm-none-eabi/9.3.1/../../../../arm-none-eabi/lib/thumb/v7e-m+fp/hard\libc_nano.a
LOAD c:/st/stm32cubeide_1.8.0/stm32cubeide/plugins/com.st.stm32cube.ide.mcu.externaltools.gnu-tools-for-stm32.9-2020-q2-update.win32_2.0.0.202105311346/tools/bin/../lib/gcc/arm-none-eabi/9.3.1/../../../../arm-none-eabi/lib/thumb/v7e-m+fp/hard\libnosys.a
END GROUP
LOAD c:/st/stm32cubeide_1.8.0/stm32cubeide/plugins/com.st.stm32cube.ide.mcu.externaltools.gnu-tools-for-stm32.9-2020-q2-update.win32_2.0.0.202105311346/tools/bin/../lib/gcc/arm-none-eabi/9.3.1/thumb/v7e-m+fp/hard/crtend.o
LOAD c:/st/stm32cubeide_1.8.0/stm32cubeide/plugins/com.st.stm32cube.ide.mcu.externaltools.gnu-tools-for-stm32.9-2020-q2-update.win32_2.0.0.202105311346/tools/bin/../lib/gcc/arm-none-eabi/9.3.1/thumb/v7e-m+fp/hard/crtn.o
                0x0000000020020000                _estack = (ORIGIN (RAM) + LENGTH (RAM))
                0x0000000000000200                _Min_Heap_Size = 0x200
                0x0000000000000400                _Min_Stack_Size = 0x400

.isr_vector     0x0000000008000000      0x1c4
                0x0000000008000000                . = ALIGN (0x4)
 *(.isr_vector)
 .isr_vector    0x0000000008000000      0x1c4 ./Core/Startup/startup_stm32f446retx.o
                0x0000000008000000                g_pfnVectors
                0x00000000080001c4                . = ALIGN (0x4)

.text           0x00000000080001d0     0x5170
                0x00000000080001d0                . = ALIGN (0x4)
 *(.text)
 .text          0x00000000080001d0       0x40 c:/st/stm32cubeide_1.8.0/stm32cubeide/plugins/com.st.stm32cube.ide.mcu.externaltools.gnu-tools-for-stm32.9-2020-q2-update.win32_2.0.0.202105311346/tools/bin/../lib/gcc/arm-none-eabi/9.3.1/thumb/v7e-m+fp/hard/crtbegin.o
 .text          0x0000000008000210       0x10 c:/st/stm32cubeide_1.8.0/stm32cubeide/plugins/com.st.stm32cube.ide.mcu.externaltools.gnu-tools-for-stm32.9-2020-q2-update.win32_2.0.0.202105311346/tools/bin/../lib/gcc/arm-none-eabi/9.3.1/../../../../arm-none-eabi/lib/thumb/v7e-m+fp/hard\libc_nano.a(lib_a-strlen.o)
                0x0000000008000210                strlen
 .text          0x0000000008000220       0xa0 c:/st/stm32cubeide_1.8.0/stm32cubeide/plugins/com.st.stm32cube.ide.mcu.externaltools.gnu-tools-for-stm32.9-2020-q2-update.win32_2.0.0.202105311346/tools/bin/../lib/gcc/arm-none-eabi/9.3.1/../../../../arm-none-eabi/lib/thumb/v7e-m+fp/hard\libc_nano.a(lib_a-memchr.o)
                0x0000000008000220                memchr
 .text          0x00000000080002c0       0x30 c:/st/stm32cubeide_1.8.0/stm32cubeide/plugins/com.st.stm32cube.ide.mcu.externaltools.gnu-tools-for-stm32.9-2020-q2-update.win32_2.0.0.202105311346/tools/bin/../lib/gcc/arm-none-eabi/9.3.1/thumb/v7e-m+fp/hard\libgcc.a(_aeabi_uldivmod.o)
                0x00000000080002c0                __aeabi_uldivmod
 .text          0x00000000080002f0      0x2c4 c:/st/stm32cubeide_1.8.0/stm32cubeide/plugins/com.st.stm32cube.ide.mcu.externaltools.gnu-tools-for-stm32.9-2020-q2-update.win32_2.0.0.202105311346/tools/bin/../lib/gcc/arm-none-eabi/9.3.1/thumb/v7e-m+fp/hard\libgcc.a(_udivmoddi4.o)
                0x00000000080002f0                __udivmoddi4
 .text          0x00000000080005b4        0x4 c:/st/stm32cubeide_1.8.0/stm32cubeide/plugins/com.st.stm32cube.ide.mcu.externaltools.gnu-tools-for-stm32.9-2020-q2-update.win32_2.0.0.202105311346/tools/bin/../lib/gcc/arm-none-eabi/9.3.1/thumb/v7e-m+fp/hard\libgcc.a(_dvmd_tls.o)
                0x00000000080005b4                __aeabi_idiv0
                0x00000000080005b4                __aeabi_ldiv0
 *(.text*)
 .text.main     0x00000000080005b8       0x1a ./Core/Src/main.o
                0x00000000080005b8                main
 *fill*         0x00000000080005d2        0x2 
 .text.SystemClock_Config
                0x00000000080005d4       0xe4 ./Core/Src/main.o
                0x00000000080005d4                SystemClock_Config
 .text.MX_USART2_UART_Init
                0x00000000080006b8       0x54 ./Core/Src/main.o
 .text.MX_GPIO_Init
                0x000000000800070c       0x84 ./Core/Src/main.o
 .text.HAL_TIM_PeriodElapsedCallback
                0x0000000008000790       0x24 ./Core/Src/main.o
                0x0000000008000790                HAL_TIM_PeriodElapsedCallback
 .text.Error_Handler
                0x00000000080007b4        0xa ./Core/Src/main.o
                0x00000000080007b4                Error_Handler
 *fill*         0x00000000080007be        0x2 
 .text.HAL_MspInit
                0x00000000080007c0       0x50 ./Core/Src/stm32f4xx_hal_msp.o
                0x00000000080007c0                HAL_MspInit
 .text.HAL_UART_MspInit
                0x0000000008000810       0x90 ./Core/Src/stm32f4xx_hal_msp.o
                0x0000000008000810                HAL_UART_MspInit
 .text.HAL_InitTick
                0x00000000080008a0       0xb4 ./Core/Src/stm32f4xx_hal_timebase_tim.o
                0x00000000080008a0                HAL_InitTick
 .text.NMI_Handler
                0x0000000008000954        0x6 ./Core/Src/stm32f4xx_it.o
                0x0000000008000954                NMI_Handler
 .text.HardFault_Handler
                0x000000000800095a        0x6 ./Core/Src/stm32f4xx_it.o
                0x000000000800095a                HardFault_Handler
 .text.MemManage_Handler
                0x0000000008000960        0x6 ./Core/Src/stm32f4xx_it.o
                0x0000000008000960                MemManage_Handler
 .text.BusFault_Handler
                0x0000000008000966        0x6 ./Core/Src/stm32f4xx_it.o
                0x0000000008000966                BusFault_Handler
 .text.UsageFault_Handler
                0x000000000800096c        0x6 ./Core/Src/stm32f4xx_it.o
                0x000000000800096c                UsageFault_Handler
 .text.DebugMon_Handler
                0x0000000008000972        0xe ./Core/Src/stm32f4xx_it.o
                0x0000000008000972                DebugMon_Handler
 .text.TIM6_DAC_IRQHandler
                0x0000000008000980       0x14 ./Core/Src/stm32f4xx_it.o
                0x0000000008000980                TIM6_DAC_IRQHandler
 .text._sbrk    0x0000000008000994       0x6c ./Core/Src/sysmem.o
                0x0000000008000994                _sbrk
 .text.SystemInit
                0x0000000008000a00       0x24 ./Core/Src/system_stm32f4xx.o
                0x0000000008000a00                SystemInit
 .text.Reset_Handler
                0x0000000008000a24       0x50 ./Core/Startup/startup_stm32f446retx.o
                0x0000000008000a24                Reset_Handler
 .text.Default_Handler
                0x0000000008000a74        0x2 ./Core/Startup/startup_stm32f446retx.o
                0x0000000008000a74                RTC_Alarm_IRQHandler
                0x0000000008000a74                EXTI2_IRQHandler
                0x0000000008000a74                TIM8_CC_IRQHandler
                0x0000000008000a74                FMPI2C1_EV_IRQHandler
                0x0000000008000a74                SPI4_IRQHandler
                0x0000000008000a74                TIM1_CC_IRQHandler
                0x0000000008000a74                DMA2_Stream5_IRQHandler
                0x0000000008000a74                DMA1_Stream5_IRQHandler
                0x0000000008000a74                PVD_IRQHandler
                0x0000000008000a74                SDIO_IRQHandler
                0x0000000008000a74                TAMP_STAMP_IRQHandler
                0x0000000008000a74                CAN2_RX1_IRQHandler
                0x0000000008000a74                EXTI3_IRQHandler
                0x0000000008000a74                TIM8_TRG_COM_TIM14_IRQHandler
                0x0000000008000a74                TIM1_UP_TIM10_IRQHandler
                0x0000000008000a74                TIM8_UP_TIM13_IRQHandler
                0x0000000008000a74                I2C3_ER_IRQHandler
                0x0000000008000a74                EXTI0_IRQHandler
                0x0000000008000a74                I2C2_EV_IRQHandler
                0x0000000008000a74                DMA1_Stream2_IRQHandler
                0x0000000008000a74                CAN1_RX0_IRQHandler
                0x0000000008000a74                FPU_IRQHandler
                0x0000000008000a74                OTG_HS_WKUP_IRQHandler
                0x0000000008000a74                CAN2_SCE_IRQHandler
                0x0000000008000a74                DMA2_Stream2_IRQHandler
                0x0000000008000a74                SPI1_IRQHandler
                0x0000000008000a74                TIM1_BRK_TIM9_IRQHandler
                0x0000000008000a74                DCMI_IRQHandler
                0x0000000008000a74                CAN2_RX0_IRQHandler
                0x0000000008000a74                DMA2_Stream3_IRQHandler
                0x0000000008000a74                SAI2_IRQHandler
                0x0000000008000a74                USART6_IRQHandler
                0x0000000008000a74                USART3_IRQHandler
                0x0000000008000a74                CAN1_RX1_IRQHandler
                0x0000000008000a74                UART5_IRQHandler
                0x0000000008000a74                DMA2_Stream0_IRQHandler
                0x0000000008000a74                TIM4_IRQHandler
                0x0000000008000a74                QUADSPI_IRQHandler
                0x0000000008000a74                I2C1_EV_IRQHandler
                0x0000000008000a74                DMA1_Stream6_IRQHandler
                0x0000000008000a74                DMA1_Stream1_IRQHandler
                0x0000000008000a74                UART4_IRQHandler
                0x0000000008000a74                TIM3_IRQHandler
                0x0000000008000a74                RCC_IRQHandler
                0x0000000008000a74                TIM8_BRK_TIM12_IRQHandler
                0x0000000008000a74                Default_Handler
                0x0000000008000a74                CEC_IRQHandler
                0x0000000008000a74                EXTI15_10_IRQHandler
                0x0000000008000a74                ADC_IRQHandler
                0x0000000008000a74                DMA1_Stream7_IRQHandler
                0x0000000008000a74                TIM7_IRQHandler
                0x0000000008000a74                CAN2_TX_IRQHandler
                0x0000000008000a74                TIM5_IRQHandler
                0x0000000008000a74                DMA2_Stream7_IRQHandler
                0x0000000008000a74                I2C3_EV_IRQHandler
                0x0000000008000a74                EXTI9_5_IRQHandler
                0x0000000008000a74                RTC_WKUP_IRQHandler
                0x0000000008000a74                SPDIF_RX_IRQHandler
                0x0000000008000a74                SPI2_IRQHandler
                0x0000000008000a74                OTG_HS_EP1_IN_IRQHandler
                0x0000000008000a74                DMA1_Stream0_IRQHandler
                0x0000000008000a74                CAN1_TX_IRQHandler
                0x0000000008000a74                FMPI2C1_ER_IRQHandler
                0x0000000008000a74                EXTI4_IRQHandler
                0x0000000008000a74                OTG_HS_EP1_OUT_IRQHandler
                0x0000000008000a74                WWDG_IRQHandler
                0x0000000008000a74                TIM2_IRQHandler
                0x0000000008000a74                OTG_FS_WKUP_IRQHandler
                0x0000000008000a74                TIM1_TRG_COM_TIM11_IRQHandler
                0x0000000008000a74                OTG_HS_IRQHandler
                0x0000000008000a74                EXTI1_IRQHandler
                0x0000000008000a74                USART2_IRQHandler
                0x0000000008000a74                I2C2_ER_IRQHandler
                0x0000000008000a74                DMA2_Stream1_IRQHandler
                0x0000000008000a74                CAN1_SCE_IRQHandler
                0x0000000008000a74                FLASH_IRQHandler
                0x0000000008000a74                DMA2_Stream4_IRQHandler
                0x0000000008000a74                USART1_IRQHandler
                0x0000000008000a74                OTG_FS_IRQHandler
                0x0000000008000a74                SPI3_IRQHandler
                0x0000000008000a74                DMA1_Stream4_IRQHandler
                0x0000000008000a74                I2C1_ER_IRQHandler
                0x0000000008000a74                FMC_IRQHandler
                0x0000000008000a74                DMA2_Stream6_IRQHandler
                0x0000000008000a74                SAI1_IRQHandler
                0x0000000008000a74                DMA1_Stream3_IRQHandler
 *fill*         0x0000000008000a76        0x2 
 .text.HAL_Init
                0x0000000008000a78       0x44 ./Drivers/STM32F4xx_HAL_Driver/Src/stm32f4xx_hal.o
                0x0000000008000a78                HAL_Init
 .text.HAL_IncTick
                0x0000000008000abc       0x28 ./Drivers/STM32F4xx_HAL_Driver/Src/stm32f4xx_hal.o
                0x0000000008000abc                HAL_IncTick
 .text.HAL_GetTick
                0x0000000008000ae4       0x18 ./Drivers/STM32F4xx_HAL_Driver/Src/stm32f4xx_hal.o
                0x0000000008000ae4                HAL_GetTick
 .text.__NVIC_SetPriorityGrouping
                0x0000000008000afc       0x48 ./Drivers/STM32F4xx_HAL_Driver/Src/stm32f4xx_hal_cortex.o
 .text.__NVIC_GetPriorityGrouping
                0x0000000008000b44       0x1c ./Drivers/STM32F4xx_HAL_Driver/Src/stm32f4xx_hal_cortex.o
 .text.__NVIC_EnableIRQ
                0x0000000008000b60       0x3c ./Drivers/STM32F4xx_HAL_Driver/Src/stm32f4xx_hal_cortex.o
 .text.__NVIC_SetPriority
                0x0000000008000b9c       0x54 ./Drivers/STM32F4xx_HAL_Driver/Src/stm32f4xx_hal_cortex.o
 .text.NVIC_EncodePriority
                0x0000000008000bf0       0x66 ./Drivers/STM32F4xx_HAL_Driver/Src/stm32f4xx_hal_cortex.o
 .text.HAL_NVIC_SetPriorityGrouping
                0x0000000008000c56       0x16 ./Drivers/STM32F4xx_HAL_Driver/Src/stm32f4xx_hal_cortex.o
                0x0000000008000c56                HAL_NVIC_SetPriorityGrouping
 .text.HAL_NVIC_SetPriority
                0x0000000008000c6c       0x38 ./Drivers/STM32F4xx_HAL_Driver/Src/stm32f4xx_hal_cortex.o
                0x0000000008000c6c                HAL_NVIC_SetPriority
 .text.HAL_NVIC_EnableIRQ
                0x0000000008000ca4       0x1c ./Drivers/STM32F4xx_HAL_Driver/Src/stm32f4xx_hal_cortex.o
                0x0000000008000ca4                HAL_NVIC_EnableIRQ
 .text.HAL_GPIO_Init
                0x0000000008000cc0      0x328 ./Drivers/STM32F4xx_HAL_Driver/Src/stm32f4xx_hal_gpio.o
                0x0000000008000cc0                HAL_GPIO_Init
 .text.HAL_GPIO_WritePin
                0x0000000008000fe8       0x32 ./Drivers/STM32F4xx_HAL_Driver/Src/stm32f4xx_hal_gpio.o
                0x0000000008000fe8                HAL_GPIO_WritePin
 .text.HAL_GPIO_TogglePin
                0x000000000800101a       0x34 ./Drivers/STM32F4xx_HAL_Driver/Src/stm32f4xx_hal_gpio.o
                0x000000000800101a                HAL_GPIO_TogglePin
 *fill*         0x000000000800104e        0x2 
 .text.HAL_PWREx_EnableOverDrive
                0x0000000008001050       0xa0 ./Drivers/STM32F4xx_HAL_Driver/Src/stm32f4xx_hal_pwr_ex.o
                0x0000000008001050                HAL_PWREx_EnableOverDrive
 .text.HAL_RCC_ClockConfig
                0x00000000080010f0      0x1cc ./Drivers/STM32F4xx_HAL_Driver/Src/stm32f4xx_hal_rcc.o
                0x00000000080010f0                HAL_RCC_ClockConfig
 .text.HAL_RCC_GetHCLKFreq
                0x00000000080012bc       0x18 ./Drivers/STM32F4xx_HAL_Driver/Src/stm32f4xx_hal_rcc.o
                0x00000000080012bc                HAL_RCC_GetHCLKFreq
 .text.HAL_RCC_GetPCLK1Freq
                0x00000000080012d4       0x28 ./Drivers/STM32F4xx_HAL_Driver/Src/stm32f4xx_hal_rcc.o
                0x00000000080012d4                HAL_RCC_GetPCLK1Freq
 .text.HAL_RCC_GetPCLK2Freq
                0x00000000080012fc       0x28 ./Drivers/STM32F4xx_HAL_Driver/Src/stm32f4xx_hal_rcc.o
                0x00000000080012fc                HAL_RCC_GetPCLK2Freq
 .text.HAL_RCC_GetClockConfig
                0x0000000008001324       0x64 ./Drivers/STM32F4xx_HAL_Driver/Src/stm32f4xx_hal_rcc.o
                0x0000000008001324                HAL_RCC_GetClockConfig
 .text.HAL_RCC_GetSysClockFreq
                0x0000000008001388      0x364 ./Drivers/STM32F4xx_HAL_Driver/Src/stm32f4xx_hal_rcc_ex.o
                0x0000000008001388                HAL_RCC_GetSysClockFreq
 .text.HAL_RCC_OscConfig
                0x00000000080016ec      0x53c ./Drivers/STM32F4xx_HAL_Driver/Src/stm32f4xx_hal_rcc_ex.o
                0x00000000080016ec                HAL_RCC_OscConfig
 .text.HAL_TIM_Base_Init
                0x0000000008001c28       0x9e ./Drivers/STM32F4xx_HAL_Driver/Src/stm32f4xx_hal_tim.o
                0x0000000008001c28                HAL_TIM_Base_Init
 .text.HAL_TIM_Base_MspInit
                0x0000000008001cc6       0x14 ./Drivers/STM32F4xx_HAL_Driver/Src/stm32f4xx_hal_tim.o
                0x0000000008001cc6                HAL_TIM_Base_MspInit
 *fill*         0x0000000008001cda        0x2 
 .text.HAL_TIM_Base_Start_IT
                0x0000000008001cdc       0xe0 ./Drivers/STM32F4xx_HAL_Driver/Src/stm32f4xx_hal_tim.o
                0x0000000008001cdc                HAL_TIM_Base_Start_IT
 .text.HAL_TIM_IRQHandler
                0x0000000008001dbc      0x210 ./Drivers/STM32F4xx_HAL_Driver/Src/stm32f4xx_hal_tim.o
                0x0000000008001dbc                HAL_TIM_IRQHandler
 .text.HAL_TIM_OC_DelayElapsedCallback
                0x0000000008001fcc       0x14 ./Drivers/STM32F4xx_HAL_Driver/Src/stm32f4xx_hal_tim.o
                0x0000000008001fcc                HAL_TIM_OC_DelayElapsedCallback
 .text.HAL_TIM_IC_CaptureCallback
                0x0000000008001fe0       0x14 ./Drivers/STM32F4xx_HAL_Driver/Src/stm32f4xx_hal_tim.o
                0x0000000008001fe0                HAL_TIM_IC_CaptureCallback
 .text.HAL_TIM_PWM_PulseFinishedCallback
                0x0000000008001ff4       0x14 ./Drivers/STM32F4xx_HAL_Driver/Src/stm32f4xx_hal_tim.o
                0x0000000008001ff4                HAL_TIM_PWM_PulseFinishedCallback
 .text.HAL_TIM_TriggerCallback
                0x0000000008002008       0x14 ./Drivers/STM32F4xx_HAL_Driver/Src/stm32f4xx_hal_tim.o
                0x0000000008002008                HAL_TIM_TriggerCallback
 .text.TIM_Base_SetConfig
                0x000000000800201c      0x140 ./Drivers/STM32F4xx_HAL_Driver/Src/stm32f4xx_hal_tim.o
                0x000000000800201c                TIM_Base_SetConfig
 .text.HAL_TIMEx_CommutCallback
                0x000000000800215c       0x14 ./Drivers/STM32F4xx_HAL_Driver/Src/stm32f4xx_hal_tim_ex.o
                0x000000000800215c                HAL_TIMEx_CommutCallback
 .text.HAL_TIMEx_BreakCallback
                0x0000000008002170       0x14 ./Drivers/STM32F4xx_HAL_Driver/Src/stm32f4xx_hal_tim_ex.o
                0x0000000008002170                HAL_TIMEx_BreakCallback
 .text.HAL_UART_Init
                0x0000000008002184       0x9a ./Drivers/STM32F4xx_HAL_Driver/Src/stm32f4xx_hal_uart.o
                0x0000000008002184                HAL_UART_Init
 *fill*         0x000000000800221e        0x2 
 .text.UART_SetConfig
                0x0000000008002220      0x390 ./Drivers/STM32F4xx_HAL_Driver/Src/stm32f4xx_hal_uart.o
 .text.vListInitialise
                0x00000000080025b0       0x40 ./FreeRTOS-Kernel/list.o
                0x00000000080025b0                vListInitialise
 .text.vListInitialiseItem
                0x00000000080025f0       0x1a ./FreeRTOS-Kernel/list.o
                0x00000000080025f0                vListInitialiseItem
 .text.vListInsert
                0x000000000800260a       0x72 ./FreeRTOS-Kernel/list.o
                0x000000000800260a                vListInsert
 .text.uxListRemove
                0x000000000800267c       0x54 ./FreeRTOS-Kernel/list.o
                0x000000000800267c                uxListRemove
 .text.xQueueGenericReset
                0x00000000080026d0      0x120 ./FreeRTOS-Kernel/queue.o
                0x00000000080026d0                xQueueGenericReset
 .text.xQueueGenericCreate
                0x00000000080027f0       0x9c ./FreeRTOS-Kernel/queue.o
                0x00000000080027f0                xQueueGenericCreate
 .text.prvInitialiseNewQueue
                0x000000000800288c       0x46 ./FreeRTOS-Kernel/queue.o
 *fill*         0x00000000080028d2        0x2 
 .text.xQueueReceive
                0x00000000080028d4      0x1c0 ./FreeRTOS-Kernel/queue.o
                0x00000000080028d4                xQueueReceive
 .text.prvCopyDataFromQueue
                0x0000000008002a94       0x4c ./FreeRTOS-Kernel/queue.o
 .text.prvUnlockQueue
                0x0000000008002ae0       0xa4 ./FreeRTOS-Kernel/queue.o
 .text.prvIsQueueEmpty
                0x0000000008002b84       0x2c ./FreeRTOS-Kernel/queue.o
 .text.vQueueAddToRegistry
                0x0000000008002bb0       0x9c ./FreeRTOS-Kernel/queue.o
                0x0000000008002bb0                vQueueAddToRegistry
 .text.vQueueWaitForMessageRestricted
                0x0000000008002c4c       0x68 ./FreeRTOS-Kernel/queue.o
                0x0000000008002c4c                vQueueWaitForMessageRestricted
 .text.xTaskCreate
                0x0000000008002cb4       0x8c ./FreeRTOS-Kernel/tasks.o
                0x0000000008002cb4                xTaskCreate
 .text.prvInitialiseNewTask
                0x0000000008002d40      0x11c ./FreeRTOS-Kernel/tasks.o
 .text.prvAddNewTaskToReadyList
                0x0000000008002e5c      0x12c ./FreeRTOS-Kernel/tasks.o
 .text.vTaskDelay
                0x0000000008002f88       0x68 ./FreeRTOS-Kernel/tasks.o
                0x0000000008002f88                vTaskDelay
 .text.vTaskStartScheduler
                0x0000000008002ff0       0xa4 ./FreeRTOS-Kernel/tasks.o
                0x0000000008002ff0                vTaskStartScheduler
 .text.vTaskSuspendAll
                0x0000000008003094       0x1c ./FreeRTOS-Kernel/tasks.o
                0x0000000008003094                vTaskSuspendAll
 .text.xTaskResumeAll
                0x00000000080030b0      0x1f8 ./FreeRTOS-Kernel/tasks.o
                0x00000000080030b0                xTaskResumeAll
 .text.xTaskGetTickCount
                0x00000000080032a8       0x20 ./FreeRTOS-Kernel/tasks.o
                0x00000000080032a8                xTaskGetTickCount
 .text.xTaskIncrementTick
                0x00000000080032c8      0x22c ./FreeRTOS-Kernel/tasks.o
                0x00000000080032c8                xTaskIncrementTick
 .text.vTaskSwitchContext
                0x00000000080034f4       0xb8 ./FreeRTOS-Kernel/tasks.o
                0x00000000080034f4                vTaskSwitchContext
 .text.vTaskPlaceOnEventList
                0x00000000080035ac       0x48 ./FreeRTOS-Kernel/tasks.o
                0x00000000080035ac                vTaskPlaceOnEventList
 .text.vTaskPlaceOnEventListRestricted
                0x00000000080035f4       0x8c ./FreeRTOS-Kernel/tasks.o
                0x00000000080035f4                vTaskPlaceOnEventListRestricted
 .text.xTaskRemoveFromEventList
                0x0000000008003680      0x1ac ./FreeRTOS-Kernel/tasks.o
                0x0000000008003680                xTaskRemoveFromEventList
 .text.vTaskInternalSetTimeOutState
                0x000000000800382c       0x2c ./FreeRTOS-Kernel/tasks.o
                0x000000000800382c                vTaskInternalSetTimeOutState
 .text.xTaskCheckForTimeOut
                0x0000000008003858       0xcc ./FreeRTOS-Kernel/tasks.o
                0x0000000008003858                xTaskCheckForTimeOut
 .text.vTaskMissedYield
                0x0000000008003924       0x18 ./FreeRTOS-Kernel/tasks.o
                0x0000000008003924                vTaskMissedYield
 .text.prvIdleTask
                0x000000000800393c       0x30 ./FreeRTOS-Kernel/tasks.o
 .text.prvInitialiseTaskLists
                0x000000000800396c       0x80 ./FreeRTOS-Kernel/tasks.o
 .text.prvCheckTasksWaitingTermination
                0x00000000080039ec       0x5c ./FreeRTOS-Kernel/tasks.o
 .text.prvDeleteTCB
                0x0000000008003a48       0x20 ./FreeRTOS-Kernel/tasks.o
 .text.prvResetNextTaskUnblockTime
                0x0000000008003a68       0x38 ./FreeRTOS-Kernel/tasks.o
 .text.xTaskGetSchedulerState
                0x0000000008003aa0       0x3c ./FreeRTOS-Kernel/tasks.o
                0x0000000008003aa0                xTaskGetSchedulerState
 .text.prvAddCurrentTaskToDelayedList
                0x0000000008003adc      0x100 ./FreeRTOS-Kernel/tasks.o
 .text.xTimerCreateTimerTask
                0x0000000008003bdc       0x64 ./FreeRTOS-Kernel/timers.o
                0x0000000008003bdc                xTimerCreateTimerTask
 .text.prvReloadTimer
                0x0000000008003c40       0x42 ./FreeRTOS-Kernel/timers.o
 *fill*         0x0000000008003c82        0x2 
 .text.prvProcessExpiredTimer
                0x0000000008003c84       0x60 ./FreeRTOS-Kernel/timers.o
 .text.prvTimerTask
                0x0000000008003ce4       0x24 ./FreeRTOS-Kernel/timers.o
 .text.prvProcessTimerOrBlockTask
                0x0000000008003d08       0x9c ./FreeRTOS-Kernel/timers.o
 .text.prvGetNextExpireTime
                0x0000000008003da4       0x48 ./FreeRTOS-Kernel/timers.o
 .text.prvSampleTimeNow
                0x0000000008003dec       0x40 ./FreeRTOS-Kernel/timers.o
 .text.prvInsertTimerInActiveList
                0x0000000008003e2c       0x84 ./FreeRTOS-Kernel/timers.o
 .text.prvProcessReceivedCommands
                0x0000000008003eb0      0x17c ./FreeRTOS-Kernel/timers.o
 .text.prvSwitchTimerLists
                0x000000000800402c       0x4c ./FreeRTOS-Kernel/timers.o
 .text.prvCheckForValidListAndQueue
                0x0000000008004078       0x6c ./FreeRTOS-Kernel/timers.o
 .text.pxPortInitialiseStack
                0x00000000080040e4       0x68 ./FreeRTOS-Kernel/portable/GCC/ARM_CM4F/port.o
                0x00000000080040e4                pxPortInitialiseStack
 .text.prvTaskExitError
                0x000000000800414c       0x58 ./FreeRTOS-Kernel/portable/GCC/ARM_CM4F/port.o
 *fill*         0x00000000080041a4        0xc 
 .text.SVC_Handler
                0x00000000080041b0       0x28 ./FreeRTOS-Kernel/portable/GCC/ARM_CM4F/port.o
                0x00000000080041b0                SVC_Handler
 .text.prvPortStartFirstTask
                0x00000000080041d8       0x2c ./FreeRTOS-Kernel/portable/GCC/ARM_CM4F/port.o
 .text.xPortStartScheduler
                0x0000000008004204      0x144 ./FreeRTOS-Kernel/portable/GCC/ARM_CM4F/port.o
                0x0000000008004204                xPortStartScheduler
 .text.vPortEnterCritical
                0x0000000008004348       0x60 ./FreeRTOS-Kernel/portable/GCC/ARM_CM4F/port.o
                0x0000000008004348                vPortEnterCritical
 .text.vPortExitCritical
                0x00000000080043a8       0x54 ./FreeRTOS-Kernel/portable/GCC/ARM_CM4F/port.o
                0x00000000080043a8                vPortExitCritical
 *fill*         0x00000000080043fc        0x4 
 .text.PendSV_Handler
                0x0000000008004400       0x68 ./FreeRTOS-Kernel/portable/GCC/ARM_CM4F/port.o
                0x0000000008004400                PendSV_Handler
 .text.SysTick_Handler
                0x0000000008004468       0x44 ./FreeRTOS-Kernel/portable/GCC/ARM_CM4F/port.o
                0x0000000008004468                SysTick_Handler
 .text.vPortSetupTimerInterrupt
                0x00000000080044ac       0x48 ./FreeRTOS-Kernel/portable/GCC/ARM_CM4F/port.o
                0x00000000080044ac                vPortSetupTimerInterrupt
 .text.vPortEnableVFP
                0x00000000080044f4       0x18 ./FreeRTOS-Kernel/portable/GCC/ARM_CM4F/port.o
 .text.pvPortMalloc
                0x000000000800450c      0x1c0 ./FreeRTOS-Kernel/portable/MemMang/heap_4.o
                0x000000000800450c                pvPortMalloc
 .text.vPortFree
                0x00000000080046cc       0xc4 ./FreeRTOS-Kernel/portable/MemMang/heap_4.o
                0x00000000080046cc                vPortFree
 .text.prvHeapInit
                0x0000000008004790       0xc4 ./FreeRTOS-Kernel/portable/MemMang/heap_4.o
 .text.prvInsertBlockIntoFreeList
                0x0000000008004854       0xb4 ./FreeRTOS-Kernel/portable/MemMang/heap_4.o
 .text.main_app
                0x0000000008004908       0x88 ./main_app/source/main_app.o
                0x0000000008004908                main_app
 .text.hello_task
                0x0000000008004990       0x28 ./main_app/source/main_app.o
 .text.led_task
                0x00000000080049b8       0x20 ./main_app/source/main_app.o
 .text.printMsg
                0x00000000080049d8       0x7c ./main_app/source/main_app.o
                0x00000000080049d8                printMsg
 .text.blinkLed
                0x0000000008004a54       0x14 ./main_app/source/main_app.o
 .text.__errno  0x0000000008004a68        0xc c:/st/stm32cubeide_1.8.0/stm32cubeide/plugins/com.st.stm32cube.ide.mcu.externaltools.gnu-tools-for-stm32.9-2020-q2-update.win32_2.0.0.202105311346/tools/bin/../lib/gcc/arm-none-eabi/9.3.1/../../../../arm-none-eabi/lib/thumb/v7e-m+fp/hard\libc_nano.a(lib_a-errno.o)
                0x0000000008004a68                __errno
 .text.__libc_init_array
                0x0000000008004a74       0x48 c:/st/stm32cubeide_1.8.0/stm32cubeide/plugins/com.st.stm32cube.ide.mcu.externaltools.gnu-tools-for-stm32.9-2020-q2-update.win32_2.0.0.202105311346/tools/bin/../lib/gcc/arm-none-eabi/9.3.1/../../../../arm-none-eabi/lib/thumb/v7e-m+fp/hard\libc_nano.a(lib_a-init.o)
                0x0000000008004a74                __libc_init_array
 .text.memcpy   0x0000000008004abc       0x1c c:/st/stm32cubeide_1.8.0/stm32cubeide/plugins/com.st.stm32cube.ide.mcu.externaltools.gnu-tools-for-stm32.9-2020-q2-update.win32_2.0.0.202105311346/tools/bin/../lib/gcc/arm-none-eabi/9.3.1/../../../../arm-none-eabi/lib/thumb/v7e-m+fp/hard\libc_nano.a(lib_a-memcpy-stub.o)
                0x0000000008004abc                memcpy
 .text.memset   0x0000000008004ad8       0x10 c:/st/stm32cubeide_1.8.0/stm32cubeide/plugins/com.st.stm32cube.ide.mcu.externaltools.gnu-tools-for-stm32.9-2020-q2-update.win32_2.0.0.202105311346/tools/bin/../lib/gcc/arm-none-eabi/9.3.1/../../../../arm-none-eabi/lib/thumb/v7e-m+fp/hard\libc_nano.a(lib_a-memset.o)
                0x0000000008004ad8                memset
 .text._vsprintf_r
                0x0000000008004ae8       0x2c c:/st/stm32cubeide_1.8.0/stm32cubeide/plugins/com.st.stm32cube.ide.mcu.externaltools.gnu-tools-for-stm32.9-2020-q2-update.win32_2.0.0.202105311346/tools/bin/../lib/gcc/arm-none-eabi/9.3.1/../../../../arm-none-eabi/lib/thumb/v7e-m+fp/hard\libc_nano.a(lib_a-vsprintf.o)
                0x0000000008004ae8                _vsprintf_r
                0x0000000008004ae8                _vsiprintf_r
 .text.vsprintf
                0x0000000008004b14       0x14 c:/st/stm32cubeide_1.8.0/stm32cubeide/plugins/com.st.stm32cube.ide.mcu.externaltools.gnu-tools-for-stm32.9-2020-q2-update.win32_2.0.0.202105311346/tools/bin/../lib/gcc/arm-none-eabi/9.3.1/../../../../arm-none-eabi/lib/thumb/v7e-m+fp/hard\libc_nano.a(lib_a-vsprintf.o)
                0x0000000008004b14                vsiprintf
                0x0000000008004b14                vsprintf
 .text.__ssputs_r
                0x0000000008004b28       0xb6 c:/st/stm32cubeide_1.8.0/stm32cubeide/plugins/com.st.stm32cube.ide.mcu.externaltools.gnu-tools-for-stm32.9-2020-q2-update.win32_2.0.0.202105311346/tools/bin/../lib/gcc/arm-none-eabi/9.3.1/../../../../arm-none-eabi/lib/thumb/v7e-m+fp/hard\libc_nano.a(lib_a-nano-svfprintf.o)
                0x0000000008004b28                __ssputs_r
 *fill*         0x0000000008004bde        0x2 
 .text._svfprintf_r
                0x0000000008004be0      0x200 c:/st/stm32cubeide_1.8.0/stm32cubeide/plugins/com.st.stm32cube.ide.mcu.externaltools.gnu-tools-for-stm32.9-2020-q2-update.win32_2.0.0.202105311346/tools/bin/../lib/gcc/arm-none-eabi/9.3.1/../../../../arm-none-eabi/lib/thumb/v7e-m+fp/hard\libc_nano.a(lib_a-nano-svfprintf.o)
                0x0000000008004be0                _svfiprintf_r
                0x0000000008004be0                _svfprintf_r
 .text._printf_common
                0x0000000008004de0       0xda c:/st/stm32cubeide_1.8.0/stm32cubeide/plugins/com.st.stm32cube.ide.mcu.externaltools.gnu-tools-for-stm32.9-2020-q2-update.win32_2.0.0.202105311346/tools/bin/../lib/gcc/arm-none-eabi/9.3.1/../../../../arm-none-eabi/lib/thumb/v7e-m+fp/hard\libc_nano.a(lib_a-nano-vfprintf_i.o)
                0x0000000008004de0                _printf_common
 *fill*         0x0000000008004eba        0x2 
 .text._printf_i
                0x0000000008004ebc      0x24c c:/st/stm32cubeide_1.8.0/stm32cubeide/plugins/com.st.stm32cube.ide.mcu.externaltools.gnu-tools-for-stm32.9-2020-q2-update.win32_2.0.0.202105311346/tools/bin/../lib/gcc/arm-none-eabi/9.3.1/../../../../arm-none-eabi/lib/thumb/v7e-m+fp/hard\libc_nano.a(lib_a-nano-vfprintf_i.o)
                0x0000000008004ebc                _printf_i
 .text.memmove  0x0000000008005108       0x34 c:/st/stm32cubeide_1.8.0/stm32cubeide/plugins/com.st.stm32cube.ide.mcu.externaltools.gnu-tools-for-stm32.9-2020-q2-update.win32_2.0.0.202105311346/tools/bin/../lib/gcc/arm-none-eabi/9.3.1/../../../../arm-none-eabi/lib/thumb/v7e-m+fp/hard\libc_nano.a(lib_a-memmove.o)
                0x0000000008005108                memmove
 .text._free_r  0x000000000800513c       0xa0 c:/st/stm32cubeide_1.8.0/stm32cubeide/plugins/com.st.stm32cube.ide.mcu.externaltools.gnu-tools-for-stm32.9-2020-q2-update.win32_2.0.0.202105311346/tools/bin/../lib/gcc/arm-none-eabi/9.3.1/../../../../arm-none-eabi/lib/thumb/v7e-m+fp/hard\libc_nano.a(lib_a-nano-freer.o)
                0x000000000800513c                _free_r
 .text._malloc_r
                0x00000000080051dc       0xb4 c:/st/stm32cubeide_1.8.0/stm32cubeide/plugins/com.st.stm32cube.ide.mcu.externaltools.gnu-tools-for-stm32.9-2020-q2-update.win32_2.0.0.202105311346/tools/bin/../lib/gcc/arm-none-eabi/9.3.1/../../../../arm-none-eabi/lib/thumb/v7e-m+fp/hard\libc_nano.a(lib_a-nano-mallocr.o)
                0x00000000080051dc                _malloc_r
 .text._realloc_r
                0x0000000008005290       0x4c c:/st/stm32cubeide_1.8.0/stm32cubeide/plugins/com.st.stm32cube.ide.mcu.externaltools.gnu-tools-for-stm32.9-2020-q2-update.win32_2.0.0.202105311346/tools/bin/../lib/gcc/arm-none-eabi/9.3.1/../../../../arm-none-eabi/lib/thumb/v7e-m+fp/hard\libc_nano.a(lib_a-nano-reallocr.o)
                0x0000000008005290                _realloc_r
 .text._sbrk_r  0x00000000080052dc       0x20 c:/st/stm32cubeide_1.8.0/stm32cubeide/plugins/com.st.stm32cube.ide.mcu.externaltools.gnu-tools-for-stm32.9-2020-q2-update.win32_2.0.0.202105311346/tools/bin/../lib/gcc/arm-none-eabi/9.3.1/../../../../arm-none-eabi/lib/thumb/v7e-m+fp/hard\libc_nano.a(lib_a-sbrkr.o)
                0x00000000080052dc                _sbrk_r
 .text.__malloc_lock
                0x00000000080052fc        0xc c:/st/stm32cubeide_1.8.0/stm32cubeide/plugins/com.st.stm32cube.ide.mcu.externaltools.gnu-tools-for-stm32.9-2020-q2-update.win32_2.0.0.202105311346/tools/bin/../lib/gcc/arm-none-eabi/9.3.1/../../../../arm-none-eabi/lib/thumb/v7e-m+fp/hard\libc_nano.a(lib_a-mlock.o)
                0x00000000080052fc                __malloc_lock
 .text.__malloc_unlock
                0x0000000008005308        0xc c:/st/stm32cubeide_1.8.0/stm32cubeide/plugins/com.st.stm32cube.ide.mcu.externaltools.gnu-tools-for-stm32.9-2020-q2-update.win32_2.0.0.202105311346/tools/bin/../lib/gcc/arm-none-eabi/9.3.1/../../../../arm-none-eabi/lib/thumb/v7e-m+fp/hard\libc_nano.a(lib_a-mlock.o)
                0x0000000008005308                __malloc_unlock
 .text._malloc_usable_size_r
                0x0000000008005314       0x10 c:/st/stm32cubeide_1.8.0/stm32cubeide/plugins/com.st.stm32cube.ide.mcu.externaltools.gnu-tools-for-stm32.9-2020-q2-update.win32_2.0.0.202105311346/tools/bin/../lib/gcc/arm-none-eabi/9.3.1/../../../../arm-none-eabi/lib/thumb/v7e-m+fp/hard\libc_nano.a(lib_a-nano-msizer.o)
                0x0000000008005314                _malloc_usable_size_r
 .text.__retarget_lock_acquire_recursive
                0x0000000008005324        0x2 c:/st/stm32cubeide_1.8.0/stm32cubeide/plugins/com.st.stm32cube.ide.mcu.externaltools.gnu-tools-for-stm32.9-2020-q2-update.win32_2.0.0.202105311346/tools/bin/../lib/gcc/arm-none-eabi/9.3.1/../../../../arm-none-eabi/lib/thumb/v7e-m+fp/hard\libc_nano.a(lib_a-lock.o)
                0x0000000008005324                __retarget_lock_acquire_recursive
 .text.__retarget_lock_release_recursive
                0x0000000008005326        0x2 c:/st/stm32cubeide_1.8.0/stm32cubeide/plugins/com.st.stm32cube.ide.mcu.externaltools.gnu-tools-for-stm32.9-2020-q2-update.win32_2.0.0.202105311346/tools/bin/../lib/gcc/arm-none-eabi/9.3.1/../../../../arm-none-eabi/lib/thumb/v7e-m+fp/hard\libc_nano.a(lib_a-lock.o)
                0x0000000008005326                __retarget_lock_release_recursive
 *(.glue_7)
 .glue_7        0x0000000008005328        0x0 linker stubs
 *(.glue_7t)
 .glue_7t       0x0000000008005328        0x0 linker stubs
 *(.eh_frame)
 .eh_frame      0x0000000008005328        0x0 c:/st/stm32cubeide_1.8.0/stm32cubeide/plugins/com.st.stm32cube.ide.mcu.externaltools.gnu-tools-for-stm32.9-2020-q2-update.win32_2.0.0.202105311346/tools/bin/../lib/gcc/arm-none-eabi/9.3.1/thumb/v7e-m+fp/hard/crtbegin.o
 *(.init)
 .init          0x0000000008005328        0x4 c:/st/stm32cubeide_1.8.0/stm32cubeide/plugins/com.st.stm32cube.ide.mcu.externaltools.gnu-tools-for-stm32.9-2020-q2-update.win32_2.0.0.202105311346/tools/bin/../lib/gcc/arm-none-eabi/9.3.1/thumb/v7e-m+fp/hard/crti.o
                0x0000000008005328                _init
 .init          0x000000000800532c        0x8 c:/st/stm32cubeide_1.8.0/stm32cubeide/plugins/com.st.stm32cube.ide.mcu.externaltools.gnu-tools-for-stm32.9-2020-q2-update.win32_2.0.0.202105311346/tools/bin/../lib/gcc/arm-none-eabi/9.3.1/thumb/v7e-m+fp/hard/crtn.o
 *(.fini)
 .fini          0x0000000008005334        0x4 c:/st/stm32cubeide_1.8.0/stm32cubeide/plugins/com.st.stm32cube.ide.mcu.externaltools.gnu-tools-for-stm32.9-2020-q2-update.win32_2.0.0.202105311346/tools/bin/../lib/gcc/arm-none-eabi/9.3.1/thumb/v7e-m+fp/hard/crti.o
                0x0000000008005334                _fini
 .fini          0x0000000008005338        0x8 c:/st/stm32cubeide_1.8.0/stm32cubeide/plugins/com.st.stm32cube.ide.mcu.externaltools.gnu-tools-for-stm32.9-2020-q2-update.win32_2.0.0.202105311346/tools/bin/../lib/gcc/arm-none-eabi/9.3.1/thumb/v7e-m+fp/hard/crtn.o
                0x0000000008005340                . = ALIGN (0x4)
                0x0000000008005340                _etext = .

.vfp11_veneer   0x0000000008005340        0x0
 .vfp11_veneer  0x0000000008005340        0x0 linker stubs

.v4_bx          0x0000000008005340        0x0
 .v4_bx         0x0000000008005340        0x0 linker stubs

.iplt           0x0000000008005340        0x0
 .iplt          0x0000000008005340        0x0 c:/st/stm32cubeide_1.8.0/stm32cubeide/plugins/com.st.stm32cube.ide.mcu.externaltools.gnu-tools-for-stm32.9-2020-q2-update.win32_2.0.0.202105311346/tools/bin/../lib/gcc/arm-none-eabi/9.3.1/thumb/v7e-m+fp/hard/crtbegin.o

.rodata         0x0000000008005340       0xb0
                0x0000000008005340                . = ALIGN (0x4)
 *(.rodata)
 .rodata        0x0000000008005340        0x5 ./FreeRTOS-Kernel/tasks.o
 *fill*         0x0000000008005345        0x3 
 .rodata        0x0000000008005348        0xd ./FreeRTOS-Kernel/timers.o
 *fill*         0x0000000008005355        0x3 
 .rodata        0x0000000008005358       0x4a ./main_app/source/main_app.o
 *(.rodata*)
 *fill*         0x00000000080053a2        0x2 
 .rodata.AHBPrescTable
                0x00000000080053a4       0x10 ./Core/Src/system_stm32f4xx.o
                0x00000000080053a4                AHBPrescTable
 .rodata.APBPrescTable
                0x00000000080053b4        0x8 ./Core/Src/system_stm32f4xx.o
                0x00000000080053b4                APBPrescTable
 .rodata._svfprintf_r.str1.1
                0x00000000080053bc       0x11 c:/st/stm32cubeide_1.8.0/stm32cubeide/plugins/com.st.stm32cube.ide.mcu.externaltools.gnu-tools-for-stm32.9-2020-q2-update.win32_2.0.0.202105311346/tools/bin/../lib/gcc/arm-none-eabi/9.3.1/../../../../arm-none-eabi/lib/thumb/v7e-m+fp/hard\libc_nano.a(lib_a-nano-svfprintf.o)
 .rodata._printf_i.str1.1
                0x00000000080053cd       0x22 c:/st/stm32cubeide_1.8.0/stm32cubeide/plugins/com.st.stm32cube.ide.mcu.externaltools.gnu-tools-for-stm32.9-2020-q2-update.win32_2.0.0.202105311346/tools/bin/../lib/gcc/arm-none-eabi/9.3.1/../../../../arm-none-eabi/lib/thumb/v7e-m+fp/hard\libc_nano.a(lib_a-nano-vfprintf_i.o)
                0x00000000080053f0                . = ALIGN (0x4)
 *fill*         0x00000000080053ef        0x1 

.ARM.extab      0x00000000080053f0        0x0
                0x00000000080053f0                . = ALIGN (0x4)
 *(.ARM.extab* .gnu.linkonce.armextab.*)
                0x00000000080053f0                . = ALIGN (0x4)

.ARM            0x00000000080053f0        0x8
                0x00000000080053f0                . = ALIGN (0x4)
                0x00000000080053f0                __exidx_start = .
 *(.ARM.exidx*)
 .ARM.exidx     0x00000000080053f0        0x8 c:/st/stm32cubeide_1.8.0/stm32cubeide/plugins/com.st.stm32cube.ide.mcu.externaltools.gnu-tools-for-stm32.9-2020-q2-update.win32_2.0.0.202105311346/tools/bin/../lib/gcc/arm-none-eabi/9.3.1/thumb/v7e-m+fp/hard\libgcc.a(_udivmoddi4.o)
                0x00000000080053f8                __exidx_end = .
                0x00000000080053f8                . = ALIGN (0x4)

.rel.dyn        0x00000000080053f8        0x0
 .rel.iplt      0x00000000080053f8        0x0 c:/st/stm32cubeide_1.8.0/stm32cubeide/plugins/com.st.stm32cube.ide.mcu.externaltools.gnu-tools-for-stm32.9-2020-q2-update.win32_2.0.0.202105311346/tools/bin/../lib/gcc/arm-none-eabi/9.3.1/thumb/v7e-m+fp/hard/crtbegin.o

.preinit_array  0x00000000080053f8        0x0
                0x00000000080053f8                . = ALIGN (0x4)
                0x00000000080053f8                PROVIDE (__preinit_array_start = .)
 *(.preinit_array*)
                0x00000000080053f8                PROVIDE (__preinit_array_end = .)
                0x00000000080053f8                . = ALIGN (0x4)

.init_array     0x00000000080053f8        0x4
                0x00000000080053f8                . = ALIGN (0x4)
                0x00000000080053f8                PROVIDE (__init_array_start = .)
 *(SORT_BY_NAME(.init_array.*))
 *(.init_array*)
 .init_array    0x00000000080053f8        0x4 c:/st/stm32cubeide_1.8.0/stm32cubeide/plugins/com.st.stm32cube.ide.mcu.externaltools.gnu-tools-for-stm32.9-2020-q2-update.win32_2.0.0.202105311346/tools/bin/../lib/gcc/arm-none-eabi/9.3.1/thumb/v7e-m+fp/hard/crtbegin.o
                0x00000000080053fc                PROVIDE (__init_array_end = .)
                0x00000000080053fc                . = ALIGN (0x4)

.fini_array     0x00000000080053fc        0x4
                0x00000000080053fc                . = ALIGN (0x4)
                [!provide]                        PROVIDE (__fini_array_start = .)
 *(SORT_BY_NAME(.fini_array.*))
 *(.fini_array*)
 .fini_array    0x00000000080053fc        0x4 c:/st/stm32cubeide_1.8.0/stm32cubeide/plugins/com.st.stm32cube.ide.mcu.externaltools.gnu-tools-for-stm32.9-2020-q2-update.win32_2.0.0.202105311346/tools/bin/../lib/gcc/arm-none-eabi/9.3.1/thumb/v7e-m+fp/hard/crtbegin.o
                [!provide]                        PROVIDE (__fini_array_end = .)
                0x0000000008005400                . = ALIGN (0x4)
                0x0000000008005400                _sidata = LOADADDR (.data)

.data           0x0000000020000000       0x78 load address 0x0000000008005400
                0x0000000020000000                . = ALIGN (0x4)
                0x0000000020000000                _sdata = .
 *(.data)
 *(.data*)
 .data.SystemCoreClock
                0x0000000020000000        0x4 ./Core/Src/system_stm32f4xx.o
                0x0000000020000000                SystemCoreClock
 .data.uwTickPrio
                0x0000000020000004        0x4 ./Drivers/STM32F4xx_HAL_Driver/Src/stm32f4xx_hal.o
                0x0000000020000004                uwTickPrio
 .data.uwTickFreq
                0x0000000020000008        0x1 ./Drivers/STM32F4xx_HAL_Driver/Src/stm32f4xx_hal.o
                0x0000000020000008                uwTickFreq
 *fill*         0x0000000020000009        0x3 
 .data.uxTopUsedPriority
                0x000000002000000c        0x4 ./FreeRTOS-Kernel/tasks.o
                0x000000002000000c                uxTopUsedPriority
 .data.uxCriticalNesting
                0x0000000020000010        0x4 ./FreeRTOS-Kernel/portable/GCC/ARM_CM4F/port.o
 .data._impure_ptr
                0x0000000020000014        0x4 c:/st/stm32cubeide_1.8.0/stm32cubeide/plugins/com.st.stm32cube.ide.mcu.externaltools.gnu-tools-for-stm32.9-2020-q2-update.win32_2.0.0.202105311346/tools/bin/../lib/gcc/arm-none-eabi/9.3.1/../../../../arm-none-eabi/lib/thumb/v7e-m+fp/hard\libc_nano.a(lib_a-impure.o)
                0x0000000020000014                _impure_ptr
 .data.impure_data
                0x0000000020000018       0x60 c:/st/stm32cubeide_1.8.0/stm32cubeide/plugins/com.st.stm32cube.ide.mcu.externaltools.gnu-tools-for-stm32.9-2020-q2-update.win32_2.0.0.202105311346/tools/bin/../lib/gcc/arm-none-eabi/9.3.1/../../../../arm-none-eabi/lib/thumb/v7e-m+fp/hard\libc_nano.a(lib_a-impure.o)
 *(.RamFunc)
 *(.RamFunc*)
                0x0000000020000078                . = ALIGN (0x4)
                0x0000000020000078                _edata = .

.igot.plt       0x0000000020000078        0x0 load address 0x0000000008005478
 .igot.plt      0x0000000020000078        0x0 c:/st/stm32cubeide_1.8.0/stm32cubeide/plugins/com.st.stm32cube.ide.mcu.externaltools.gnu-tools-for-stm32.9-2020-q2-update.win32_2.0.0.202105311346/tools/bin/../lib/gcc/arm-none-eabi/9.3.1/thumb/v7e-m+fp/hard/crtbegin.o
                0x0000000020000078                . = ALIGN (0x4)

.bss            0x0000000020000078    0x12e70 load address 0x0000000008005478
                0x0000000020000078                _sbss = .
                0x0000000020000078                __bss_start__ = _sbss
 *(.bss)
 .bss           0x0000000020000078       0x1c c:/st/stm32cubeide_1.8.0/stm32cubeide/plugins/com.st.stm32cube.ide.mcu.externaltools.gnu-tools-for-stm32.9-2020-q2-update.win32_2.0.0.202105311346/tools/bin/../lib/gcc/arm-none-eabi/9.3.1/thumb/v7e-m+fp/hard/crtbegin.o
 *(.bss*)
 .bss.__sbrk_heap_end
                0x0000000020000094        0x4 ./Core/Src/sysmem.o
 .bss.pxCurrentTCB
                0x0000000020000098        0x4 ./FreeRTOS-Kernel/tasks.o
                0x0000000020000098                pxCurrentTCB
 .bss.pxReadyTasksLists
                0x000000002000009c       0x64 ./FreeRTOS-Kernel/tasks.o
 .bss.xDelayedTaskList1
                0x0000000020000100       0x14 ./FreeRTOS-Kernel/tasks.o
 .bss.xDelayedTaskList2
                0x0000000020000114       0x14 ./FreeRTOS-Kernel/tasks.o
 .bss.pxDelayedTaskList
                0x0000000020000128        0x4 ./FreeRTOS-Kernel/tasks.o
 .bss.pxOverflowDelayedTaskList
                0x000000002000012c        0x4 ./FreeRTOS-Kernel/tasks.o
 .bss.xPendingReadyList
                0x0000000020000130       0x14 ./FreeRTOS-Kernel/tasks.o
 .bss.xTasksWaitingTermination
                0x0000000020000144       0x14 ./FreeRTOS-Kernel/tasks.o
 .bss.uxDeletedTasksWaitingCleanUp
                0x0000000020000158        0x4 ./FreeRTOS-Kernel/tasks.o
 .bss.xSuspendedTaskList
                0x000000002000015c       0x14 ./FreeRTOS-Kernel/tasks.o
 .bss.uxCurrentNumberOfTasks
                0x0000000020000170        0x4 ./FreeRTOS-Kernel/tasks.o
 .bss.xTickCount
                0x0000000020000174        0x4 ./FreeRTOS-Kernel/tasks.o
 .bss.uxTopReadyPriority
                0x0000000020000178        0x4 ./FreeRTOS-Kernel/tasks.o
 .bss.xSchedulerRunning
                0x000000002000017c        0x4 ./FreeRTOS-Kernel/tasks.o
 .bss.xPendedTicks
                0x0000000020000180        0x4 ./FreeRTOS-Kernel/tasks.o
 .bss.xYieldPending
                0x0000000020000184        0x4 ./FreeRTOS-Kernel/tasks.o
 .bss.xNumOfOverflows
                0x0000000020000188        0x4 ./FreeRTOS-Kernel/tasks.o
 .bss.uxTaskNumber
                0x000000002000018c        0x4 ./FreeRTOS-Kernel/tasks.o
 .bss.xNextTaskUnblockTime
                0x0000000020000190        0x4 ./FreeRTOS-Kernel/tasks.o
 .bss.xIdleTaskHandle
                0x0000000020000194        0x4 ./FreeRTOS-Kernel/tasks.o
 .bss.uxSchedulerSuspended
                0x0000000020000198        0x4 ./FreeRTOS-Kernel/tasks.o
 .bss.xActiveTimerList1
                0x000000002000019c       0x14 ./FreeRTOS-Kernel/timers.o
 .bss.xActiveTimerList2
                0x00000000200001b0       0x14 ./FreeRTOS-Kernel/timers.o
 .bss.pxCurrentTimerList
                0x00000000200001c4        0x4 ./FreeRTOS-Kernel/timers.o
 .bss.pxOverflowTimerList
                0x00000000200001c8        0x4 ./FreeRTOS-Kernel/timers.o
 .bss.xTimerQueue
                0x00000000200001cc        0x4 ./FreeRTOS-Kernel/timers.o
 .bss.xTimerTaskHandle
                0x00000000200001d0        0x4 ./FreeRTOS-Kernel/timers.o
 .bss.xLastTime.6909
                0x00000000200001d4        0x4 ./FreeRTOS-Kernel/timers.o
 .bss.ucMaxSysCallPriority
                0x00000000200001d8        0x1 ./FreeRTOS-Kernel/portable/GCC/ARM_CM4F/port.o
 *fill*         0x00000000200001d9        0x3 
 .bss.ulMaxPRIGROUPValue
                0x00000000200001dc        0x4 ./FreeRTOS-Kernel/portable/GCC/ARM_CM4F/port.o
 .bss.ucHeap    0x00000000200001e0    0x12c00 ./FreeRTOS-Kernel/portable/MemMang/heap_4.o
 .bss.xStart    0x0000000020012de0        0x8 ./FreeRTOS-Kernel/portable/MemMang/heap_4.o
 .bss.pxEnd     0x0000000020012de8        0x4 ./FreeRTOS-Kernel/portable/MemMang/heap_4.o
 .bss.xFreeBytesRemaining
                0x0000000020012dec        0x4 ./FreeRTOS-Kernel/portable/MemMang/heap_4.o
 .bss.xMinimumEverFreeBytesRemaining
                0x0000000020012df0        0x4 ./FreeRTOS-Kernel/portable/MemMang/heap_4.o
 .bss.xNumberOfSuccessfulAllocations
                0x0000000020012df4        0x4 ./FreeRTOS-Kernel/portable/MemMang/heap_4.o
 .bss.xNumberOfSuccessfulFrees
                0x0000000020012df8        0x4 ./FreeRTOS-Kernel/portable/MemMang/heap_4.o
 .bss.xBlockAllocatedBit
                0x0000000020012dfc        0x4 ./FreeRTOS-Kernel/portable/MemMang/heap_4.o
 .bss.__malloc_free_list
                0x0000000020012e00        0x4 c:/st/stm32cubeide_1.8.0/stm32cubeide/plugins/com.st.stm32cube.ide.mcu.externaltools.gnu-tools-for-stm32.9-2020-q2-update.win32_2.0.0.202105311346/tools/bin/../lib/gcc/arm-none-eabi/9.3.1/../../../../arm-none-eabi/lib/thumb/v7e-m+fp/hard\libc_nano.a(lib_a-nano-mallocr.o)
                0x0000000020012e00                __malloc_free_list
 .bss.__malloc_sbrk_start
                0x0000000020012e04        0x4 c:/st/stm32cubeide_1.8.0/stm32cubeide/plugins/com.st.stm32cube.ide.mcu.externaltools.gnu-tools-for-stm32.9-2020-q2-update.win32_2.0.0.202105311346/tools/bin/../lib/gcc/arm-none-eabi/9.3.1/../../../../arm-none-eabi/lib/thumb/v7e-m+fp/hard\libc_nano.a(lib_a-nano-mallocr.o)
                0x0000000020012e04                __malloc_sbrk_start
 *(COMMON)
 COMMON         0x0000000020012e08       0x44 ./Core/Src/main.o
                0x0000000020012e08                huart2
 COMMON         0x0000000020012e4c       0x48 ./Core/Src/stm32f4xx_hal_timebase_tim.o
                0x0000000020012e4c                htim6
 COMMON         0x0000000020012e94        0x4 ./Drivers/STM32F4xx_HAL_Driver/Src/stm32f4xx_hal.o
                0x0000000020012e94                uwTick
 COMMON         0x0000000020012e98       0x40 ./FreeRTOS-Kernel/queue.o
                0x0000000020012e98                xQueueRegistry
 COMMON         0x0000000020012ed8        0x4 c:/st/stm32cubeide_1.8.0/stm32cubeide/plugins/com.st.stm32cube.ide.mcu.externaltools.gnu-tools-for-stm32.9-2020-q2-update.win32_2.0.0.202105311346/tools/bin/../lib/gcc/arm-none-eabi/9.3.1/../../../../arm-none-eabi/lib/thumb/v7e-m+fp/hard\libc_nano.a(lib_a-reent.o)
                0x0000000020012ed8                errno
 COMMON         0x0000000020012edc        0x9 c:/st/stm32cubeide_1.8.0/stm32cubeide/plugins/com.st.stm32cube.ide.mcu.externaltools.gnu-tools-for-stm32.9-2020-q2-update.win32_2.0.0.202105311346/tools/bin/../lib/gcc/arm-none-eabi/9.3.1/../../../../arm-none-eabi/lib/thumb/v7e-m+fp/hard\libc_nano.a(lib_a-lock.o)
                0x0000000020012edc                __lock___atexit_recursive_mutex
                0x0000000020012edd                __lock___arc4random_mutex
                0x0000000020012ede                __lock___env_recursive_mutex
                0x0000000020012edf                __lock___sinit_recursive_mutex
                0x0000000020012ee0                __lock___malloc_recursive_mutex
                0x0000000020012ee1                __lock___at_quick_exit_mutex
                0x0000000020012ee2                __lock___dd_hash_mutex
                0x0000000020012ee3                __lock___tz_mutex
                0x0000000020012ee4                __lock___sfp_recursive_mutex
                0x0000000020012ee8                . = ALIGN (0x4)
 *fill*         0x0000000020012ee5        0x3 
                0x0000000020012ee8                _ebss = .
                0x0000000020012ee8                __bss_end__ = _ebss

._user_heap_stack
                0x0000000020012ee8      0x600 load address 0x0000000008005478
                0x0000000020012ee8                . = ALIGN (0x8)
                [!provide]                        PROVIDE (end = .)
                0x0000000020012ee8                PROVIDE (_end = .)
                0x00000000200130e8                . = (. + _Min_Heap_Size)
 *fill*         0x0000000020012ee8      0x200 
                0x00000000200134e8                . = (. + _Min_Stack_Size)
 *fill*         0x00000000200130e8      0x400 
                0x00000000200134e8                . = ALIGN (0x8)

/DISCARD/
 libc.a(*)
 libm.a(*)
 libgcc.a(*)

.ARM.attributes
                0x0000000000000000       0x30
 *(.ARM.attributes)
 .ARM.attributes
                0x0000000000000000       0x1e c:/st/stm32cubeide_1.8.0/stm32cubeide/plugins/com.st.stm32cube.ide.mcu.externaltools.gnu-tools-for-stm32.9-2020-q2-update.win32_2.0.0.202105311346/tools/bin/../lib/gcc/arm-none-eabi/9.3.1/thumb/v7e-m+fp/hard/crti.o
 .ARM.attributes
                0x000000000000001e       0x34 c:/st/stm32cubeide_1.8.0/stm32cubeide/plugins/com.st.stm32cube.ide.mcu.externaltools.gnu-tools-for-stm32.9-2020-q2-update.win32_2.0.0.202105311346/tools/bin/../lib/gcc/arm-none-eabi/9.3.1/thumb/v7e-m+fp/hard/crtbegin.o
 .ARM.attributes
                0x0000000000000052       0x34 ./Core/Src/main.o
 .ARM.attributes
                0x0000000000000086       0x34 ./Core/Src/stm32f4xx_hal_msp.o
 .ARM.attributes
                0x00000000000000ba       0x34 ./Core/Src/stm32f4xx_hal_timebase_tim.o
 .ARM.attributes
                0x00000000000000ee       0x34 ./Core/Src/stm32f4xx_it.o
 .ARM.attributes
                0x0000000000000122       0x34 ./Core/Src/sysmem.o
 .ARM.attributes
                0x0000000000000156       0x34 ./Core/Src/system_stm32f4xx.o
 .ARM.attributes
                0x000000000000018a       0x21 ./Core/Startup/startup_stm32f446retx.o
 .ARM.attributes
                0x00000000000001ab       0x34 ./Drivers/STM32F4xx_HAL_Driver/Src/stm32f4xx_hal.o
 .ARM.attributes
                0x00000000000001df       0x34 ./Drivers/STM32F4xx_HAL_Driver/Src/stm32f4xx_hal_cortex.o
 .ARM.attributes
                0x0000000000000213       0x34 ./Drivers/STM32F4xx_HAL_Driver/Src/stm32f4xx_hal_gpio.o
 .ARM.attributes
                0x0000000000000247       0x34 ./Drivers/STM32F4xx_HAL_Driver/Src/stm32f4xx_hal_pwr_ex.o
 .ARM.attributes
                0x000000000000027b       0x34 ./Drivers/STM32F4xx_HAL_Driver/Src/stm32f4xx_hal_rcc.o
 .ARM.attributes
                0x00000000000002af       0x34 ./Drivers/STM32F4xx_HAL_Driver/Src/stm32f4xx_hal_rcc_ex.o
 .ARM.attributes
                0x00000000000002e3       0x34 ./Drivers/STM32F4xx_HAL_Driver/Src/stm32f4xx_hal_tim.o
 .ARM.attributes
                0x0000000000000317       0x34 ./Drivers/STM32F4xx_HAL_Driver/Src/stm32f4xx_hal_tim_ex.o
 .ARM.attributes
                0x000000000000034b       0x34 ./Drivers/STM32F4xx_HAL_Driver/Src/stm32f4xx_hal_uart.o
 .ARM.attributes
                0x000000000000037f       0x34 ./FreeRTOS-Kernel/list.o
 .ARM.attributes
                0x00000000000003b3       0x34 ./FreeRTOS-Kernel/queue.o
 .ARM.attributes
                0x00000000000003e7       0x34 ./FreeRTOS-Kernel/tasks.o
 .ARM.attributes
                0x000000000000041b       0x34 ./FreeRTOS-Kernel/timers.o
 .ARM.attributes
                0x000000000000044f       0x34 ./FreeRTOS-Kernel/portable/GCC/ARM_CM4F/port.o
 .ARM.attributes
                0x0000000000000483       0x34 ./FreeRTOS-Kernel/portable/MemMang/heap_4.o
 .ARM.attributes
                0x00000000000004b7       0x34 ./main_app/source/main_app.o
 .ARM.attributes
                0x00000000000004eb       0x34 c:/st/stm32cubeide_1.8.0/stm32cubeide/plugins/com.st.stm32cube.ide.mcu.externaltools.gnu-tools-for-stm32.9-2020-q2-update.win32_2.0.0.202105311346/tools/bin/../lib/gcc/arm-none-eabi/9.3.1/../../../../arm-none-eabi/lib/thumb/v7e-m+fp/hard\libc_nano.a(lib_a-errno.o)
 .ARM.attributes
                0x000000000000051f       0x32 c:/st/stm32cubeide_1.8.0/stm32cubeide/plugins/com.st.stm32cube.ide.mcu.externaltools.gnu-tools-for-stm32.9-2020-q2-update.win32_2.0.0.202105311346/tools/bin/../lib/gcc/arm-none-eabi/9.3.1/../../../../arm-none-eabi/lib/thumb/v7e-m+fp/hard\libc_nano.a(lib_a-impure.o)
 .ARM.attributes
                0x0000000000000551       0x34 c:/st/stm32cubeide_1.8.0/stm32cubeide/plugins/com.st.stm32cube.ide.mcu.externaltools.gnu-tools-for-stm32.9-2020-q2-update.win32_2.0.0.202105311346/tools/bin/../lib/gcc/arm-none-eabi/9.3.1/../../../../arm-none-eabi/lib/thumb/v7e-m+fp/hard\libc_nano.a(lib_a-init.o)
 .ARM.attributes
                0x0000000000000585       0x34 c:/st/stm32cubeide_1.8.0/stm32cubeide/plugins/com.st.stm32cube.ide.mcu.externaltools.gnu-tools-for-stm32.9-2020-q2-update.win32_2.0.0.202105311346/tools/bin/../lib/gcc/arm-none-eabi/9.3.1/../../../../arm-none-eabi/lib/thumb/v7e-m+fp/hard\libc_nano.a(lib_a-memcpy-stub.o)
 .ARM.attributes
                0x00000000000005b9       0x34 c:/st/stm32cubeide_1.8.0/stm32cubeide/plugins/com.st.stm32cube.ide.mcu.externaltools.gnu-tools-for-stm32.9-2020-q2-update.win32_2.0.0.202105311346/tools/bin/../lib/gcc/arm-none-eabi/9.3.1/../../../../arm-none-eabi/lib/thumb/v7e-m+fp/hard\libc_nano.a(lib_a-memset.o)
 .ARM.attributes
                0x00000000000005ed       0x17 c:/st/stm32cubeide_1.8.0/stm32cubeide/plugins/com.st.stm32cube.ide.mcu.externaltools.gnu-tools-for-stm32.9-2020-q2-update.win32_2.0.0.202105311346/tools/bin/../lib/gcc/arm-none-eabi/9.3.1/../../../../arm-none-eabi/lib/thumb/v7e-m+fp/hard\libc_nano.a(lib_a-strlen.o)
 .ARM.attributes
                0x0000000000000604       0x34 c:/st/stm32cubeide_1.8.0/stm32cubeide/plugins/com.st.stm32cube.ide.mcu.externaltools.gnu-tools-for-stm32.9-2020-q2-update.win32_2.0.0.202105311346/tools/bin/../lib/gcc/arm-none-eabi/9.3.1/../../../../arm-none-eabi/lib/thumb/v7e-m+fp/hard\libc_nano.a(lib_a-vsprintf.o)
 .ARM.attributes
                0x0000000000000638       0x34 c:/st/stm32cubeide_1.8.0/stm32cubeide/plugins/com.st.stm32cube.ide.mcu.externaltools.gnu-tools-for-stm32.9-2020-q2-update.win32_2.0.0.202105311346/tools/bin/../lib/gcc/arm-none-eabi/9.3.1/../../../../arm-none-eabi/lib/thumb/v7e-m+fp/hard\libc_nano.a(lib_a-nano-svfprintf.o)
 .ARM.attributes
                0x000000000000066c       0x34 c:/st/stm32cubeide_1.8.0/stm32cubeide/plugins/com.st.stm32cube.ide.mcu.externaltools.gnu-tools-for-stm32.9-2020-q2-update.win32_2.0.0.202105311346/tools/bin/../lib/gcc/arm-none-eabi/9.3.1/../../../../arm-none-eabi/lib/thumb/v7e-m+fp/hard\libc_nano.a(lib_a-nano-vfprintf_i.o)
 .ARM.attributes
                0x00000000000006a0       0x1c c:/st/stm32cubeide_1.8.0/stm32cubeide/plugins/com.st.stm32cube.ide.mcu.externaltools.gnu-tools-for-stm32.9-2020-q2-update.win32_2.0.0.202105311346/tools/bin/../lib/gcc/arm-none-eabi/9.3.1/../../../../arm-none-eabi/lib/thumb/v7e-m+fp/hard\libc_nano.a(lib_a-memchr.o)
 .ARM.attributes
                0x00000000000006bc       0x34 c:/st/stm32cubeide_1.8.0/stm32cubeide/plugins/com.st.stm32cube.ide.mcu.externaltools.gnu-tools-for-stm32.9-2020-q2-update.win32_2.0.0.202105311346/tools/bin/../lib/gcc/arm-none-eabi/9.3.1/../../../../arm-none-eabi/lib/thumb/v7e-m+fp/hard\libc_nano.a(lib_a-memmove.o)
 .ARM.attributes
                0x00000000000006f0       0x34 c:/st/stm32cubeide_1.8.0/stm32cubeide/plugins/com.st.stm32cube.ide.mcu.externaltools.gnu-tools-for-stm32.9-2020-q2-update.win32_2.0.0.202105311346/tools/bin/../lib/gcc/arm-none-eabi/9.3.1/../../../../arm-none-eabi/lib/thumb/v7e-m+fp/hard\libc_nano.a(lib_a-nano-freer.o)
 .ARM.attributes
                0x0000000000000724       0x34 c:/st/stm32cubeide_1.8.0/stm32cubeide/plugins/com.st.stm32cube.ide.mcu.externaltools.gnu-tools-for-stm32.9-2020-q2-update.win32_2.0.0.202105311346/tools/bin/../lib/gcc/arm-none-eabi/9.3.1/../../../../arm-none-eabi/lib/thumb/v7e-m+fp/hard\libc_nano.a(lib_a-nano-mallocr.o)
 .ARM.attributes
                0x0000000000000758       0x34 c:/st/stm32cubeide_1.8.0/stm32cubeide/plugins/com.st.stm32cube.ide.mcu.externaltools.gnu-tools-for-stm32.9-2020-q2-update.win32_2.0.0.202105311346/tools/bin/../lib/gcc/arm-none-eabi/9.3.1/../../../../arm-none-eabi/lib/thumb/v7e-m+fp/hard\libc_nano.a(lib_a-nano-reallocr.o)
 .ARM.attributes
                0x000000000000078c       0x34 c:/st/stm32cubeide_1.8.0/stm32cubeide/plugins/com.st.stm32cube.ide.mcu.externaltools.gnu-tools-for-stm32.9-2020-q2-update.win32_2.0.0.202105311346/tools/bin/../lib/gcc/arm-none-eabi/9.3.1/../../../../arm-none-eabi/lib/thumb/v7e-m+fp/hard\libc_nano.a(lib_a-sbrkr.o)
 .ARM.attributes
                0x00000000000007c0       0x34 c:/st/stm32cubeide_1.8.0/stm32cubeide/plugins/com.st.stm32cube.ide.mcu.externaltools.gnu-tools-for-stm32.9-2020-q2-update.win32_2.0.0.202105311346/tools/bin/../lib/gcc/arm-none-eabi/9.3.1/../../../../arm-none-eabi/lib/thumb/v7e-m+fp/hard\libc_nano.a(lib_a-mlock.o)
 .ARM.attributes
                0x00000000000007f4       0x34 c:/st/stm32cubeide_1.8.0/stm32cubeide/plugins/com.st.stm32cube.ide.mcu.externaltools.gnu-tools-for-stm32.9-2020-q2-update.win32_2.0.0.202105311346/tools/bin/../lib/gcc/arm-none-eabi/9.3.1/../../../../arm-none-eabi/lib/thumb/v7e-m+fp/hard\libc_nano.a(lib_a-nano-msizer.o)
 .ARM.attributes
                0x0000000000000828       0x34 c:/st/stm32cubeide_1.8.0/stm32cubeide/plugins/com.st.stm32cube.ide.mcu.externaltools.gnu-tools-for-stm32.9-2020-q2-update.win32_2.0.0.202105311346/tools/bin/../lib/gcc/arm-none-eabi/9.3.1/../../../../arm-none-eabi/lib/thumb/v7e-m+fp/hard\libc_nano.a(lib_a-reent.o)
 .ARM.attributes
                0x000000000000085c       0x34 c:/st/stm32cubeide_1.8.0/stm32cubeide/plugins/com.st.stm32cube.ide.mcu.externaltools.gnu-tools-for-stm32.9-2020-q2-update.win32_2.0.0.202105311346/tools/bin/../lib/gcc/arm-none-eabi/9.3.1/../../../../arm-none-eabi/lib/thumb/v7e-m+fp/hard\libc_nano.a(lib_a-lock.o)
 .ARM.attributes
                0x0000000000000890       0x1e c:/st/stm32cubeide_1.8.0/stm32cubeide/plugins/com.st.stm32cube.ide.mcu.externaltools.gnu-tools-for-stm32.9-2020-q2-update.win32_2.0.0.202105311346/tools/bin/../lib/gcc/arm-none-eabi/9.3.1/thumb/v7e-m+fp/hard\libgcc.a(_aeabi_uldivmod.o)
 .ARM.attributes
                0x00000000000008ae       0x34 c:/st/stm32cubeide_1.8.0/stm32cubeide/plugins/com.st.stm32cube.ide.mcu.externaltools.gnu-tools-for-stm32.9-2020-q2-update.win32_2.0.0.202105311346/tools/bin/../lib/gcc/arm-none-eabi/9.3.1/thumb/v7e-m+fp/hard\libgcc.a(_udivmoddi4.o)
 .ARM.attributes
                0x00000000000008e2       0x1e c:/st/stm32cubeide_1.8.0/stm32cubeide/plugins/com.st.stm32cube.ide.mcu.externaltools.gnu-tools-for-stm32.9-2020-q2-update.win32_2.0.0.202105311346/tools/bin/../lib/gcc/arm-none-eabi/9.3.1/thumb/v7e-m+fp/hard\libgcc.a(_dvmd_tls.o)
 .ARM.attributes
                0x0000000000000900       0x1e c:/st/stm32cubeide_1.8.0/stm32cubeide/plugins/com.st.stm32cube.ide.mcu.externaltools.gnu-tools-for-stm32.9-2020-q2-update.win32_2.0.0.202105311346/tools/bin/../lib/gcc/arm-none-eabi/9.3.1/thumb/v7e-m+fp/hard/crtn.o
OUTPUT(STM32F4_freeRTOS.elf elf32-littlearm)
LOAD linker stubs
LOAD c:/st/stm32cubeide_1.8.0/stm32cubeide/plugins/com.st.stm32cube.ide.mcu.externaltools.gnu-tools-for-stm32.9-2020-q2-update.win32_2.0.0.202105311346/tools/bin/../lib/gcc/arm-none-eabi/9.3.1/../../../../arm-none-eabi/lib/thumb/v7e-m+fp/hard\libc.a
LOAD c:/st/stm32cubeide_1.8.0/stm32cubeide/plugins/com.st.stm32cube.ide.mcu.externaltools.gnu-tools-for-stm32.9-2020-q2-update.win32_2.0.0.202105311346/tools/bin/../lib/gcc/arm-none-eabi/9.3.1/../../../../arm-none-eabi/lib/thumb/v7e-m+fp/hard\libm.a
LOAD c:/st/stm32cubeide_1.8.0/stm32cubeide/plugins/com.st.stm32cube.ide.mcu.externaltools.gnu-tools-for-stm32.9-2020-q2-update.win32_2.0.0.202105311346/tools/bin/../lib/gcc/arm-none-eabi/9.3.1/thumb/v7e-m+fp/hard\libgcc.a

.debug_info     0x0000000000000000    0x18617
 .debug_info    0x0000000000000000     0x1844 ./Core/Src/main.o
 .debug_info    0x0000000000001844      0xa32 ./Core/Src/stm32f4xx_hal_msp.o
 .debug_info    0x0000000000002276      0xcc2 ./Core/Src/stm32f4xx_hal_timebase_tim.o
 .debug_info    0x0000000000002f38      0x7cb ./Core/Src/stm32f4xx_it.o
 .debug_info    0x0000000000003703      0xa25 ./Core/Src/sysmem.o
 .debug_info    0x0000000000004128      0x5dc ./Core/Src/system_stm32f4xx.o
 .debug_info    0x0000000000004704       0x22 ./Core/Startup/startup_stm32f446retx.o
 .debug_info    0x0000000000004726      0xa08 ./Drivers/STM32F4xx_HAL_Driver/Src/stm32f4xx_hal.o
 .debug_info    0x000000000000512e      0xef5 ./Drivers/STM32F4xx_HAL_Driver/Src/stm32f4xx_hal_cortex.o
 .debug_info    0x0000000000006023      0x892 ./Drivers/STM32F4xx_HAL_Driver/Src/stm32f4xx_hal_gpio.o
 .debug_info    0x00000000000068b5      0x7ca ./Drivers/STM32F4xx_HAL_Driver/Src/stm32f4xx_hal_pwr_ex.o
 .debug_info    0x000000000000707f      0x9db ./Drivers/STM32F4xx_HAL_Driver/Src/stm32f4xx_hal_rcc.o
 .debug_info    0x0000000000007a5a      0xa86 ./Drivers/STM32F4xx_HAL_Driver/Src/stm32f4xx_hal_rcc_ex.o
 .debug_info    0x00000000000084e0     0x2c22 ./Drivers/STM32F4xx_HAL_Driver/Src/stm32f4xx_hal_tim.o
 .debug_info    0x000000000000b102     0x15a2 ./Drivers/STM32F4xx_HAL_Driver/Src/stm32f4xx_hal_tim_ex.o
 .debug_info    0x000000000000c6a4     0x31de ./Drivers/STM32F4xx_HAL_Driver/Src/stm32f4xx_hal_uart.o
 .debug_info    0x000000000000f882      0xb82 ./FreeRTOS-Kernel/list.o
 .debug_info    0x0000000000010404     0x2069 ./FreeRTOS-Kernel/queue.o
 .debug_info    0x000000000001246d     0x2d3d ./FreeRTOS-Kernel/tasks.o
 .debug_info    0x00000000000151aa     0x1534 ./FreeRTOS-Kernel/timers.o
 .debug_info    0x00000000000166de      0x4f1 ./FreeRTOS-Kernel/portable/GCC/ARM_CM4F/port.o
 .debug_info    0x0000000000016bcf      0xd8c ./FreeRTOS-Kernel/portable/MemMang/heap_4.o
 .debug_info    0x000000000001795b      0xcbc ./main_app/source/main_app.o

.debug_abbrev   0x0000000000000000     0x32d5
 .debug_abbrev  0x0000000000000000      0x2b0 ./Core/Src/main.o
 .debug_abbrev  0x00000000000002b0      0x1ac ./Core/Src/stm32f4xx_hal_msp.o
 .debug_abbrev  0x000000000000045c      0x1bf ./Core/Src/stm32f4xx_hal_timebase_tim.o
 .debug_abbrev  0x000000000000061b      0x176 ./Core/Src/stm32f4xx_it.o
 .debug_abbrev  0x0000000000000791      0x1bf ./Core/Src/sysmem.o
 .debug_abbrev  0x0000000000000950      0x145 ./Core/Src/system_stm32f4xx.o
 .debug_abbrev  0x0000000000000a95       0x12 ./Core/Startup/startup_stm32f446retx.o
 .debug_abbrev  0x0000000000000aa7      0x1ed ./Drivers/STM32F4xx_HAL_Driver/Src/stm32f4xx_hal.o
 .debug_abbrev  0x0000000000000c94      0x33c ./Drivers/STM32F4xx_HAL_Driver/Src/stm32f4xx_hal_cortex.o
 .debug_abbrev  0x0000000000000fd0      0x1f1 ./Drivers/STM32F4xx_HAL_Driver/Src/stm32f4xx_hal_gpio.o
 .debug_abbrev  0x00000000000011c1      0x1da ./Drivers/STM32F4xx_HAL_Driver/Src/stm32f4xx_hal_pwr_ex.o
 .debug_abbrev  0x000000000000139b      0x275 ./Drivers/STM32F4xx_HAL_Driver/Src/stm32f4xx_hal_rcc.o
 .debug_abbrev  0x0000000000001610      0x1e2 ./Drivers/STM32F4xx_HAL_Driver/Src/stm32f4xx_hal_rcc_ex.o
 .debug_abbrev  0x00000000000017f2      0x25e ./Drivers/STM32F4xx_HAL_Driver/Src/stm32f4xx_hal_tim.o
 .debug_abbrev  0x0000000000001a50      0x266 ./Drivers/STM32F4xx_HAL_Driver/Src/stm32f4xx_hal_tim_ex.o
 .debug_abbrev  0x0000000000001cb6      0x2eb ./Drivers/STM32F4xx_HAL_Driver/Src/stm32f4xx_hal_uart.o
 .debug_abbrev  0x0000000000001fa1      0x1f7 ./FreeRTOS-Kernel/list.o
 .debug_abbrev  0x0000000000002198      0x333 ./FreeRTOS-Kernel/queue.o
 .debug_abbrev  0x00000000000024cb      0x39a ./FreeRTOS-Kernel/tasks.o
 .debug_abbrev  0x0000000000002865      0x2ea ./FreeRTOS-Kernel/timers.o
 .debug_abbrev  0x0000000000002b4f      0x231 ./FreeRTOS-Kernel/portable/GCC/ARM_CM4F/port.o
 .debug_abbrev  0x0000000000002d80      0x2d3 ./FreeRTOS-Kernel/portable/MemMang/heap_4.o
 .debug_abbrev  0x0000000000003053      0x282 ./main_app/source/main_app.o

.debug_aranges  0x0000000000000000     0x11c8
 .debug_aranges
                0x0000000000000000       0x48 ./Core/Src/main.o
 .debug_aranges
                0x0000000000000048       0x30 ./Core/Src/stm32f4xx_hal_msp.o
 .debug_aranges
                0x0000000000000078       0x30 ./Core/Src/stm32f4xx_hal_timebase_tim.o
 .debug_aranges
                0x00000000000000a8       0x50 ./Core/Src/stm32f4xx_it.o
 .debug_aranges
                0x00000000000000f8       0x20 ./Core/Src/sysmem.o
 .debug_aranges
                0x0000000000000118       0x28 ./Core/Src/system_stm32f4xx.o
 .debug_aranges
                0x0000000000000140       0x28 ./Core/Startup/startup_stm32f446retx.o
 .debug_aranges
                0x0000000000000168       0xf0 ./Drivers/STM32F4xx_HAL_Driver/Src/stm32f4xx_hal.o
 .debug_aranges
                0x0000000000000258      0x118 ./Drivers/STM32F4xx_HAL_Driver/Src/stm32f4xx_hal_cortex.o
 .debug_aranges
                0x0000000000000370       0x58 ./Drivers/STM32F4xx_HAL_Driver/Src/stm32f4xx_hal_gpio.o
 .debug_aranges
                0x00000000000003c8       0x60 ./Drivers/STM32F4xx_HAL_Driver/Src/stm32f4xx_hal_pwr_ex.o
 .debug_aranges
                0x0000000000000428       0x88 ./Drivers/STM32F4xx_HAL_Driver/Src/stm32f4xx_hal_rcc.o
 .debug_aranges
                0x00000000000004b0       0x78 ./Drivers/STM32F4xx_HAL_Driver/Src/stm32f4xx_hal_rcc_ex.o
 .debug_aranges
                0x0000000000000528      0x3d0 ./Drivers/STM32F4xx_HAL_Driver/Src/stm32f4xx_hal_tim.o
 .debug_aranges
                0x00000000000008f8      0x168 ./Drivers/STM32F4xx_HAL_Driver/Src/stm32f4xx_hal_tim_ex.o
 .debug_aranges
                0x0000000000000a60      0x200 ./Drivers/STM32F4xx_HAL_Driver/Src/stm32f4xx_hal_uart.o
 .debug_aranges
                0x0000000000000c60       0x40 ./FreeRTOS-Kernel/list.o
 .debug_aranges
                0x0000000000000ca0      0x130 ./FreeRTOS-Kernel/queue.o
 .debug_aranges
                0x0000000000000dd0      0x1f8 ./FreeRTOS-Kernel/tasks.o
 .debug_aranges
                0x0000000000000fc8       0xe8 ./FreeRTOS-Kernel/timers.o
 .debug_aranges
                0x00000000000010b0       0x80 ./FreeRTOS-Kernel/portable/GCC/ARM_CM4F/port.o
 .debug_aranges
                0x0000000000001130       0x58 ./FreeRTOS-Kernel/portable/MemMang/heap_4.o
 .debug_aranges
                0x0000000000001188       0x40 ./main_app/source/main_app.o

.debug_ranges   0x0000000000000000     0x1090
 .debug_ranges  0x0000000000000000       0x38 ./Core/Src/main.o
 .debug_ranges  0x0000000000000038       0x20 ./Core/Src/stm32f4xx_hal_msp.o
 .debug_ranges  0x0000000000000058       0x20 ./Core/Src/stm32f4xx_hal_timebase_tim.o
 .debug_ranges  0x0000000000000078       0x40 ./Core/Src/stm32f4xx_it.o
 .debug_ranges  0x00000000000000b8       0x10 ./Core/Src/sysmem.o
 .debug_ranges  0x00000000000000c8       0x18 ./Core/Src/system_stm32f4xx.o
 .debug_ranges  0x00000000000000e0       0x20 ./Core/Startup/startup_stm32f446retx.o
 .debug_ranges  0x0000000000000100       0xe0 ./Drivers/STM32F4xx_HAL_Driver/Src/stm32f4xx_hal.o
 .debug_ranges  0x00000000000001e0      0x108 ./Drivers/STM32F4xx_HAL_Driver/Src/stm32f4xx_hal_cortex.o
 .debug_ranges  0x00000000000002e8       0x48 ./Drivers/STM32F4xx_HAL_Driver/Src/stm32f4xx_hal_gpio.o
 .debug_ranges  0x0000000000000330       0x50 ./Drivers/STM32F4xx_HAL_Driver/Src/stm32f4xx_hal_pwr_ex.o
 .debug_ranges  0x0000000000000380       0x78 ./Drivers/STM32F4xx_HAL_Driver/Src/stm32f4xx_hal_rcc.o
 .debug_ranges  0x00000000000003f8       0x68 ./Drivers/STM32F4xx_HAL_Driver/Src/stm32f4xx_hal_rcc_ex.o
 .debug_ranges  0x0000000000000460      0x3c0 ./Drivers/STM32F4xx_HAL_Driver/Src/stm32f4xx_hal_tim.o
 .debug_ranges  0x0000000000000820      0x158 ./Drivers/STM32F4xx_HAL_Driver/Src/stm32f4xx_hal_tim_ex.o
 .debug_ranges  0x0000000000000978      0x220 ./Drivers/STM32F4xx_HAL_Driver/Src/stm32f4xx_hal_uart.o
 .debug_ranges  0x0000000000000b98       0x30 ./FreeRTOS-Kernel/list.o
 .debug_ranges  0x0000000000000bc8      0x120 ./FreeRTOS-Kernel/queue.o
 .debug_ranges  0x0000000000000ce8      0x1e8 ./FreeRTOS-Kernel/tasks.o
 .debug_ranges  0x0000000000000ed0       0xd8 ./FreeRTOS-Kernel/timers.o
 .debug_ranges  0x0000000000000fa8       0x70 ./FreeRTOS-Kernel/portable/GCC/ARM_CM4F/port.o
 .debug_ranges  0x0000000000001018       0x48 ./FreeRTOS-Kernel/portable/MemMang/heap_4.o
 .debug_ranges  0x0000000000001060       0x30 ./main_app/source/main_app.o

.debug_macro    0x0000000000000000    0x23d9c
 .debug_macro   0x0000000000000000      0x3e7 ./Core/Src/main.o
 .debug_macro   0x00000000000003e7      0xaa8 ./Core/Src/main.o
 .debug_macro   0x0000000000000e8f      0x29b ./Core/Src/main.o
 .debug_macro   0x000000000000112a       0x2e ./Core/Src/main.o
 .debug_macro   0x0000000000001158       0x28 ./Core/Src/main.o
 .debug_macro   0x0000000000001180       0x22 ./Core/Src/main.o
 .debug_macro   0x00000000000011a2       0x8e ./Core/Src/main.o
 .debug_macro   0x0000000000001230       0x51 ./Core/Src/main.o
 .debug_macro   0x0000000000001281      0x103 ./Core/Src/main.o
 .debug_macro   0x0000000000001384       0x6a ./Core/Src/main.o
 .debug_macro   0x00000000000013ee      0x1df ./Core/Src/main.o
 .debug_macro   0x00000000000015cd       0x1c ./Core/Src/main.o
 .debug_macro   0x00000000000015e9       0x22 ./Core/Src/main.o
 .debug_macro   0x000000000000160b       0xdf ./Core/Src/main.o
 .debug_macro   0x00000000000016ea     0x102d ./Core/Src/main.o
 .debug_macro   0x0000000000002717      0x11f ./Core/Src/main.o
 .debug_macro   0x0000000000002836    0x16749 ./Core/Src/main.o
 .debug_macro   0x0000000000018f7f       0x6d ./Core/Src/main.o
 .debug_macro   0x0000000000018fec     0x3666 ./Core/Src/main.o
 .debug_macro   0x000000000001c652      0x174 ./Core/Src/main.o
 .debug_macro   0x000000000001c7c6       0x5c ./Core/Src/main.o
 .debug_macro   0x000000000001c822      0xc90 ./Core/Src/main.o
 .debug_macro   0x000000000001d4b2      0x9fe ./Core/Src/main.o
 .debug_macro   0x000000000001deb0      0x116 ./Core/Src/main.o
 .debug_macro   0x000000000001dfc6      0x1a0 ./Core/Src/main.o
 .debug_macro   0x000000000001e166       0xa5 ./Core/Src/main.o
 .debug_macro   0x000000000001e20b      0x16d ./Core/Src/main.o
 .debug_macro   0x000000000001e378      0x287 ./Core/Src/main.o
 .debug_macro   0x000000000001e5ff       0x5f ./Core/Src/main.o
 .debug_macro   0x000000000001e65e      0x236 ./Core/Src/main.o
 .debug_macro   0x000000000001e894      0x132 ./Core/Src/main.o
 .debug_macro   0x000000000001e9c6      0x29c ./Core/Src/main.o
 .debug_macro   0x000000000001ec62       0x2e ./Core/Src/main.o
 .debug_macro   0x000000000001ec90      0x11a ./Core/Src/main.o
 .debug_macro   0x000000000001edaa       0xe8 ./Core/Src/main.o
 .debug_macro   0x000000000001ee92       0x89 ./Core/Src/main.o
 .debug_macro   0x000000000001ef1b      0x8d1 ./Core/Src/main.o
 .debug_macro   0x000000000001f7ec       0x4d ./Core/Src/main.o
 .debug_macro   0x000000000001f839      0x295 ./Core/Src/main.o
 .debug_macro   0x000000000001face      0x126 ./Core/Src/main.o
 .debug_macro   0x000000000001fbf4       0x52 ./Core/Src/main.o
 .debug_macro   0x000000000001fc46       0x18 ./Core/Src/main.o
 .debug_macro   0x000000000001fc5e       0x3c ./Core/Src/main.o
 .debug_macro   0x000000000001fc9a       0x34 ./Core/Src/main.o
 .debug_macro   0x000000000001fcce       0x16 ./Core/Src/main.o
 .debug_macro   0x000000000001fce4       0x35 ./Core/Src/main.o
 .debug_macro   0x000000000001fd19      0x333 ./Core/Src/main.o
 .debug_macro   0x000000000002004c       0x10 ./Core/Src/main.o
 .debug_macro   0x000000000002005c       0x16 ./Core/Src/main.o
 .debug_macro   0x0000000000020072       0x43 ./Core/Src/main.o
 .debug_macro   0x00000000000200b5       0x34 ./Core/Src/main.o
 .debug_macro   0x00000000000200e9       0x10 ./Core/Src/main.o
 .debug_macro   0x00000000000200f9       0x58 ./Core/Src/main.o
 .debug_macro   0x0000000000020151       0x71 ./Core/Src/main.o
 .debug_macro   0x00000000000201c2       0x1c ./Core/Src/main.o
 .debug_macro   0x00000000000201de      0x12a ./Core/Src/main.o
 .debug_macro   0x0000000000020308       0x10 ./Core/Src/main.o
 .debug_macro   0x0000000000020318       0x1c ./Core/Src/main.o
 .debug_macro   0x0000000000020334       0x52 ./Core/Src/main.o
 .debug_macro   0x0000000000020386       0x22 ./Core/Src/main.o
 .debug_macro   0x00000000000203a8       0x10 ./Core/Src/main.o
 .debug_macro   0x00000000000203b8       0x40 ./Core/Src/main.o
 .debug_macro   0x00000000000203f8       0xd5 ./Core/Src/main.o
 .debug_macro   0x00000000000204cd       0x1c ./Core/Src/main.o
 .debug_macro   0x00000000000204e9       0x3d ./Core/Src/main.o
 .debug_macro   0x0000000000020526       0x16 ./Core/Src/main.o
 .debug_macro   0x000000000002053c      0x145 ./Core/Src/main.o
 .debug_macro   0x0000000000020681       0x4c ./Core/Src/main.o
 .debug_macro   0x00000000000206cd       0x16 ./Core/Src/main.o
 .debug_macro   0x00000000000206e3       0x20 ./Core/Src/main.o
 .debug_macro   0x0000000000020703      0x106 ./Core/Src/main.o
 .debug_macro   0x0000000000020809      0x15a ./Core/Src/main.o
 .debug_macro   0x0000000000020963       0xea ./Core/Src/main.o
 .debug_macro   0x0000000000020a4d       0x28 ./Core/Src/main.o
 .debug_macro   0x0000000000020a75       0x1f ./Core/Src/main.o
 .debug_macro   0x0000000000020a94       0x12 ./Core/Src/main.o
 .debug_macro   0x0000000000020aa6      0x512 ./Core/Src/main.o
 .debug_macro   0x0000000000020fb8       0xc3 ./Core/Src/main.o
 .debug_macro   0x000000000002107b      0x120 ./Core/Src/main.o
 .debug_macro   0x000000000002119b      0x1d8 ./Core/Src/stm32f4xx_hal_msp.o
 .debug_macro   0x0000000000021373      0x1ce ./Core/Src/stm32f4xx_hal_timebase_tim.o
 .debug_macro   0x0000000000021541      0x1e2 ./Core/Src/stm32f4xx_it.o
 .debug_macro   0x0000000000021723       0xff ./Core/Src/sysmem.o
 .debug_macro   0x0000000000021822      0x23b ./Core/Src/sysmem.o
 .debug_macro   0x0000000000021a5d      0x1ce ./Core/Src/system_stm32f4xx.o
 .debug_macro   0x0000000000021c2b      0x22e ./Drivers/STM32F4xx_HAL_Driver/Src/stm32f4xx_hal.o
 .debug_macro   0x0000000000021e59      0x1ce ./Drivers/STM32F4xx_HAL_Driver/Src/stm32f4xx_hal_cortex.o
 .debug_macro   0x0000000000022027      0x1d4 ./Drivers/STM32F4xx_HAL_Driver/Src/stm32f4xx_hal_gpio.o
 .debug_macro   0x00000000000221fb      0x1e6 ./Drivers/STM32F4xx_HAL_Driver/Src/stm32f4xx_hal_pwr_ex.o
 .debug_macro   0x00000000000223e1      0x1f2 ./Drivers/STM32F4xx_HAL_Driver/Src/stm32f4xx_hal_rcc.o
 .debug_macro   0x00000000000225d3      0x1ce ./Drivers/STM32F4xx_HAL_Driver/Src/stm32f4xx_hal_rcc_ex.o
 .debug_macro   0x00000000000227a1      0x1cf ./Drivers/STM32F4xx_HAL_Driver/Src/stm32f4xx_hal_tim.o
 .debug_macro   0x0000000000022970      0x1ce ./Drivers/STM32F4xx_HAL_Driver/Src/stm32f4xx_hal_tim_ex.o
 .debug_macro   0x0000000000022b3e      0x1cf ./Drivers/STM32F4xx_HAL_Driver/Src/stm32f4xx_hal_uart.o
 .debug_macro   0x0000000000022d0d      0x198 ./FreeRTOS-Kernel/list.o
 .debug_macro   0x0000000000022ea5      0x22f ./FreeRTOS-Kernel/queue.o
 .debug_macro   0x00000000000230d4       0x80 ./FreeRTOS-Kernel/queue.o
 .debug_macro   0x0000000000023154      0x27e ./FreeRTOS-Kernel/tasks.o
 .debug_macro   0x00000000000233d2       0x17 ./FreeRTOS-Kernel/tasks.o
 .debug_macro   0x00000000000233e9      0x1e7 ./FreeRTOS-Kernel/timers.o
 .debug_macro   0x00000000000235d0       0x97 ./FreeRTOS-Kernel/timers.o
 .debug_macro   0x0000000000023667      0x19b ./FreeRTOS-Kernel/portable/GCC/ARM_CM4F/port.o
 .debug_macro   0x0000000000023802      0x1b3 ./FreeRTOS-Kernel/portable/MemMang/heap_4.o
 .debug_macro   0x00000000000239b5      0x3e7 ./main_app/source/main_app.o

.debug_line     0x0000000000000000    0x1573a
 .debug_line    0x0000000000000000      0xb33 ./Core/Src/main.o
 .debug_line    0x0000000000000b33      0x713 ./Core/Src/stm32f4xx_hal_msp.o
 .debug_line    0x0000000000001246      0x726 ./Core/Src/stm32f4xx_hal_timebase_tim.o
 .debug_line    0x000000000000196c      0x763 ./Core/Src/stm32f4xx_it.o
 .debug_line    0x00000000000020cf      0x4f8 ./Core/Src/sysmem.o
 .debug_line    0x00000000000025c7      0x748 ./Core/Src/system_stm32f4xx.o
 .debug_line    0x0000000000002d0f       0x88 ./Core/Startup/startup_stm32f446retx.o
 .debug_line    0x0000000000002d97      0x9ae ./Drivers/STM32F4xx_HAL_Driver/Src/stm32f4xx_hal.o
 .debug_line    0x0000000000003745      0xc5d ./Drivers/STM32F4xx_HAL_Driver/Src/stm32f4xx_hal_cortex.o
 .debug_line    0x00000000000043a2      0xb10 ./Drivers/STM32F4xx_HAL_Driver/Src/stm32f4xx_hal_gpio.o
 .debug_line    0x0000000000004eb2      0x8dd ./Drivers/STM32F4xx_HAL_Driver/Src/stm32f4xx_hal_pwr_ex.o
 .debug_line    0x000000000000578f      0xd36 ./Drivers/STM32F4xx_HAL_Driver/Src/stm32f4xx_hal_rcc.o
 .debug_line    0x00000000000064c5     0x13bc ./Drivers/STM32F4xx_HAL_Driver/Src/stm32f4xx_hal_rcc_ex.o
 .debug_line    0x0000000000007881     0x36a2 ./Drivers/STM32F4xx_HAL_Driver/Src/stm32f4xx_hal_tim.o
 .debug_line    0x000000000000af23     0x19ab ./Drivers/STM32F4xx_HAL_Driver/Src/stm32f4xx_hal_tim_ex.o
 .debug_line    0x000000000000c8ce     0x2a35 ./Drivers/STM32F4xx_HAL_Driver/Src/stm32f4xx_hal_uart.o
 .debug_line    0x000000000000f303      0x73a ./FreeRTOS-Kernel/list.o
 .debug_line    0x000000000000fa3d     0x1660 ./FreeRTOS-Kernel/queue.o
 .debug_line    0x000000000001109d     0x1d6f ./FreeRTOS-Kernel/tasks.o
 .debug_line    0x0000000000012e0c      0xc59 ./FreeRTOS-Kernel/timers.o
 .debug_line    0x0000000000013a65      0x81b ./FreeRTOS-Kernel/portable/GCC/ARM_CM4F/port.o
 .debug_line    0x0000000000014280      0x983 ./FreeRTOS-Kernel/portable/MemMang/heap_4.o
 .debug_line    0x0000000000014c03      0xb37 ./main_app/source/main_app.o

.debug_str      0x0000000000000000    0xd9e2a
 .debug_str     0x0000000000000000    0xd2782 ./Core/Src/main.o
                                      0xd2ba3 (size before relaxing)
 .debug_str     0x00000000000d2782       0x56 ./Core/Src/stm32f4xx_hal_msp.o
                                      0xc9580 (size before relaxing)
 .debug_str     0x00000000000d27d8      0x5ac ./Core/Src/stm32f4xx_hal_timebase_tim.o
                                      0xc9bf9 (size before relaxing)
 .debug_str     0x00000000000d2d84       0xa6 ./Core/Src/stm32f4xx_it.o
                                      0xc9532 (size before relaxing)
 .debug_str     0x00000000000d2e2a      0x369 ./Core/Src/sysmem.o
                                       0x6291 (size before relaxing)
 .debug_str     0x00000000000d3193       0xaf ./Core/Src/system_stm32f4xx.o
                                      0xc912b (size before relaxing)
 .debug_str     0x00000000000d3242       0x36 ./Core/Startup/startup_stm32f446retx.o
                                         0x62 (size before relaxing)
 .debug_str     0x00000000000d3278      0x542 ./Drivers/STM32F4xx_HAL_Driver/Src/stm32f4xx_hal.o
                                      0xc9c4e (size before relaxing)
 .debug_str     0x00000000000d37ba      0x392 ./Drivers/STM32F4xx_HAL_Driver/Src/stm32f4xx_hal_cortex.o
                                      0xc9a18 (size before relaxing)
 .debug_str     0x00000000000d3b4c      0x15f ./Drivers/STM32F4xx_HAL_Driver/Src/stm32f4xx_hal_gpio.o
                                      0xc92d2 (size before relaxing)
 .debug_str     0x00000000000d3cab      0x135 ./Drivers/STM32F4xx_HAL_Driver/Src/stm32f4xx_hal_pwr_ex.o
                                      0xc9323 (size before relaxing)
 .debug_str     0x00000000000d3de0      0x24f ./Drivers/STM32F4xx_HAL_Driver/Src/stm32f4xx_hal_rcc.o
                                      0xc9532 (size before relaxing)
 .debug_str     0x00000000000d402f      0x31c ./Drivers/STM32F4xx_HAL_Driver/Src/stm32f4xx_hal_rcc_ex.o
                                      0xc958f (size before relaxing)
 .debug_str     0x00000000000d434b      0xe4d ./Drivers/STM32F4xx_HAL_Driver/Src/stm32f4xx_hal_tim.o
                                      0xca435 (size before relaxing)
 .debug_str     0x00000000000d5198      0x538 ./Drivers/STM32F4xx_HAL_Driver/Src/stm32f4xx_hal_tim_ex.o
                                      0xc9be6 (size before relaxing)
 .debug_str     0x00000000000d56d0      0x604 ./Drivers/STM32F4xx_HAL_Driver/Src/stm32f4xx_hal_uart.o
                                      0xc9a8e (size before relaxing)
 .debug_str     0x00000000000d5cd4      0x28a ./FreeRTOS-Kernel/list.o
                                       0xb149 (size before relaxing)
 .debug_str     0x00000000000d5f5e     0x1243 ./FreeRTOS-Kernel/queue.o
                                       0xd657 (size before relaxing)
 .debug_str     0x00000000000d71a1     0x1be5 ./FreeRTOS-Kernel/tasks.o
                                       0xe143 (size before relaxing)
 .debug_str     0x00000000000d8d86      0x556 ./FreeRTOS-Kernel/timers.o
                                       0xd83a (size before relaxing)
 .debug_str     0x00000000000d92dc      0x7e3 ./FreeRTOS-Kernel/portable/GCC/ARM_CM4F/port.o
                                       0x9808 (size before relaxing)
 .debug_str     0x00000000000d9abf      0x30c ./FreeRTOS-Kernel/portable/MemMang/heap_4.o
                                       0xc5c4 (size before relaxing)
 .debug_str     0x00000000000d9dcb       0x5f ./main_app/source/main_app.o
                                      0xd2224 (size before relaxing)

.comment        0x0000000000000000       0x53
 .comment       0x0000000000000000       0x53 ./Core/Src/main.o
                                         0x54 (size before relaxing)
 .comment       0x0000000000000053       0x54 ./Core/Src/stm32f4xx_hal_msp.o
 .comment       0x0000000000000053       0x54 ./Core/Src/stm32f4xx_hal_timebase_tim.o
 .comment       0x0000000000000053       0x54 ./Core/Src/stm32f4xx_it.o
 .comment       0x0000000000000053       0x54 ./Core/Src/sysmem.o
 .comment       0x0000000000000053       0x54 ./Core/Src/system_stm32f4xx.o
 .comment       0x0000000000000053       0x54 ./Drivers/STM32F4xx_HAL_Driver/Src/stm32f4xx_hal.o
 .comment       0x0000000000000053       0x54 ./Drivers/STM32F4xx_HAL_Driver/Src/stm32f4xx_hal_cortex.o
 .comment       0x0000000000000053       0x54 ./Drivers/STM32F4xx_HAL_Driver/Src/stm32f4xx_hal_gpio.o
 .comment       0x0000000000000053       0x54 ./Drivers/STM32F4xx_HAL_Driver/Src/stm32f4xx_hal_pwr_ex.o
 .comment       0x0000000000000053       0x54 ./Drivers/STM32F4xx_HAL_Driver/Src/stm32f4xx_hal_rcc.o
 .comment       0x0000000000000053       0x54 ./Drivers/STM32F4xx_HAL_Driver/Src/stm32f4xx_hal_rcc_ex.o
 .comment       0x0000000000000053       0x54 ./Drivers/STM32F4xx_HAL_Driver/Src/stm32f4xx_hal_tim.o
 .comment       0x0000000000000053       0x54 ./Drivers/STM32F4xx_HAL_Driver/Src/stm32f4xx_hal_tim_ex.o
 .comment       0x0000000000000053       0x54 ./Drivers/STM32F4xx_HAL_Driver/Src/stm32f4xx_hal_uart.o
 .comment       0x0000000000000053       0x54 ./FreeRTOS-Kernel/list.o
 .comment       0x0000000000000053       0x54 ./FreeRTOS-Kernel/queue.o
 .comment       0x0000000000000053       0x54 ./FreeRTOS-Kernel/tasks.o
 .comment       0x0000000000000053       0x54 ./FreeRTOS-Kernel/timers.o
 .comment       0x0000000000000053       0x54 ./FreeRTOS-Kernel/portable/GCC/ARM_CM4F/port.o
 .comment       0x0000000000000053       0x54 ./FreeRTOS-Kernel/portable/MemMang/heap_4.o
 .comment       0x0000000000000053       0x54 ./main_app/source/main_app.o

.debug_frame    0x0000000000000000     0x4d40
 .debug_frame   0x0000000000000000       0xcc ./Core/Src/main.o
 .debug_frame   0x00000000000000cc       0x80 ./Core/Src/stm32f4xx_hal_msp.o
 .debug_frame   0x000000000000014c       0x74 ./Core/Src/stm32f4xx_hal_timebase_tim.o
 .debug_frame   0x00000000000001c0       0xc4 ./Core/Src/stm32f4xx_it.o
 .debug_frame   0x0000000000000284       0x34 ./Core/Src/sysmem.o
 .debug_frame   0x00000000000002b8       0x58 ./Core/Src/system_stm32f4xx.o
 .debug_frame   0x0000000000000310      0x374 ./Drivers/STM32F4xx_HAL_Driver/Src/stm32f4xx_hal.o
 .debug_frame   0x0000000000000684      0x498 ./Drivers/STM32F4xx_HAL_Driver/Src/stm32f4xx_hal_cortex.o
 .debug_frame   0x0000000000000b1c      0x14c ./Drivers/STM32F4xx_HAL_Driver/Src/stm32f4xx_hal_gpio.o
 .debug_frame   0x0000000000000c68      0x14c ./Drivers/STM32F4xx_HAL_Driver/Src/stm32f4xx_hal_pwr_ex.o