stream_buffer.c:235:26:xStreamBufferGenericCreate	56	static,ignoring_inline_asm
stream_buffer.c:385:6:vStreamBufferDelete	24	static,ignoring_inline_asm
stream_buffer.c:418:12:xStreamBufferReset	40	static,ignoring_inline_asm
stream_buffer.c:467:12:xStreamBufferSetTriggerLevel	32	static,ignoring_inline_asm
stream_buffer.c:497:8:xStreamBufferSpacesAvailable	32	static,ignoring_inline_asm
stream_buffer.c:530:8:xStreamBufferBytesAvailable	32	static,ignoring_inline_asm
stream_buffer.c:542:8:xStreamBufferSend	80	static,ignoring_inline_asm
stream_buffer.c:673:8:xStreamBufferSendFromISR	72	static,ignoring_inline_asm
stream_buffer.c:724:15:prvWriteMessageToBuffer	40	static,ignoring_inline_asm
stream_buffer.c:774:8:xStreamBufferReceive	64	static,ignoring_inline_asm
stream_buffer.c:878:8:xStreamBufferNextMessageLengthBytes	40	static,ignoring_inline_asm
stream_buffer.c:918:8:xStreamBufferReceiveFromISR	72	static,ignoring_inline_asm
stream_buffer.c:975:15:prvReadMessageFromBuffer	40	static
stream_buffer.c:1027:12:xStreamBufferIsEmpty	32	static,ignoring_inline_asm
stream_buffer.c:1051:12:xStreamBufferIsFull	32	static,ignoring_inline_asm
stream_buffer.c:1086:12:xStreamBufferSendCompletedFromISR	56	static,ignoring_inline_asm
stream_buffer.c:1117:12:xStreamBufferReceiveCompletedFromISR	56	static,ignoring_inline_asm
stream_buffer.c:1148:15:prvWriteBytesToBuffer	40	static,ignoring_inline_asm
stream_buffer.c:1194:15:prvReadBytesFromBuffer	40	static,ignoring_inline_asm
stream_buffer.c:1238:15:prvBytesInBuffer	24	static
stream_buffer.c:1259:13:prvInitialiseNewStreamBuffer	32	static,ignoring_inline_asm
stream_buffer.c:1287:17:uxStreamBufferGetStreamBufferNumber	16	static
stream_buffer.c:1297:10:vStreamBufferSetStreamBufferNumber	16	static
stream_buffer.c:1308:13:ucStreamBufferGetStreamBufferType	16	static
